Archive member included to satisfy reference by file (symbol)

/home/david/Ac6/SystemWorkbench/plugins/fr.ac6.mcu.externaltools.arm-none.linux64_1.17.0.201812190825/tools/compiler/bin/../lib/gcc/arm-none-eabi/7.3.1/thumb/v7e-m/fpv4-sp/hard/libgcc.a(_aeabi_uldivmod.o)
                              Drivers/STM32F4xx_HAL_Driver/Src/stm32f4xx_hal_rcc.o (__aeabi_uldivmod)
/home/david/Ac6/SystemWorkbench/plugins/fr.ac6.mcu.externaltools.arm-none.linux64_1.17.0.201812190825/tools/compiler/bin/../lib/gcc/arm-none-eabi/7.3.1/thumb/v7e-m/fpv4-sp/hard/libgcc.a(_udivmoddi4.o)
                              /home/david/Ac6/SystemWorkbench/plugins/fr.ac6.mcu.externaltools.arm-none.linux64_1.17.0.201812190825/tools/compiler/bin/../lib/gcc/arm-none-eabi/7.3.1/thumb/v7e-m/fpv4-sp/hard/libgcc.a(_aeabi_uldivmod.o) (__udivmoddi4)
/home/david/Ac6/SystemWorkbench/plugins/fr.ac6.mcu.externaltools.arm-none.linux64_1.17.0.201812190825/tools/compiler/bin/../lib/gcc/arm-none-eabi/7.3.1/thumb/v7e-m/fpv4-sp/hard/libgcc.a(_dvmd_tls.o)
                              /home/david/Ac6/SystemWorkbench/plugins/fr.ac6.mcu.externaltools.arm-none.linux64_1.17.0.201812190825/tools/compiler/bin/../lib/gcc/arm-none-eabi/7.3.1/thumb/v7e-m/fpv4-sp/hard/libgcc.a(_aeabi_uldivmod.o) (__aeabi_ldiv0)
/home/david/Ac6/SystemWorkbench/plugins/fr.ac6.mcu.externaltools.arm-none.linux64_1.17.0.201812190825/tools/compiler/bin/../lib/gcc/arm-none-eabi/7.3.1/../../../../arm-none-eabi/lib/thumb/v7e-m/fpv4-sp/hard/libc_nano.a(lib_a-errno.o)
                              Src/syscalls.o (__errno)
/home/david/Ac6/SystemWorkbench/plugins/fr.ac6.mcu.externaltools.arm-none.linux64_1.17.0.201812190825/tools/compiler/bin/../lib/gcc/arm-none-eabi/7.3.1/../../../../arm-none-eabi/lib/thumb/v7e-m/fpv4-sp/hard/libc_nano.a(lib_a-exit.o)
                              /home/david/Ac6/SystemWorkbench/plugins/fr.ac6.mcu.externaltools.arm-none.linux64_1.17.0.201812190825/tools/compiler/bin/../lib/gcc/arm-none-eabi/7.3.1/../../../../arm-none-eabi/lib/thumb/v7e-m/fpv4-sp/hard/crt0.o (exit)
/home/david/Ac6/SystemWorkbench/plugins/fr.ac6.mcu.externaltools.arm-none.linux64_1.17.0.201812190825/tools/compiler/bin/../lib/gcc/arm-none-eabi/7.3.1/../../../../arm-none-eabi/lib/thumb/v7e-m/fpv4-sp/hard/libc_nano.a(lib_a-impure.o)
                              /home/david/Ac6/SystemWorkbench/plugins/fr.ac6.mcu.externaltools.arm-none.linux64_1.17.0.201812190825/tools/compiler/bin/../lib/gcc/arm-none-eabi/7.3.1/../../../../arm-none-eabi/lib/thumb/v7e-m/fpv4-sp/hard/libc_nano.a(lib_a-exit.o) (_global_impure_ptr)
/home/david/Ac6/SystemWorkbench/plugins/fr.ac6.mcu.externaltools.arm-none.linux64_1.17.0.201812190825/tools/compiler/bin/../lib/gcc/arm-none-eabi/7.3.1/../../../../arm-none-eabi/lib/thumb/v7e-m/fpv4-sp/hard/libc_nano.a(lib_a-init.o)
                              /home/david/Ac6/SystemWorkbench/plugins/fr.ac6.mcu.externaltools.arm-none.linux64_1.17.0.201812190825/tools/compiler/bin/../lib/gcc/arm-none-eabi/7.3.1/../../../../arm-none-eabi/lib/thumb/v7e-m/fpv4-sp/hard/crt0.o (__libc_init_array)
/home/david/Ac6/SystemWorkbench/plugins/fr.ac6.mcu.externaltools.arm-none.linux64_1.17.0.201812190825/tools/compiler/bin/../lib/gcc/arm-none-eabi/7.3.1/../../../../arm-none-eabi/lib/thumb/v7e-m/fpv4-sp/hard/libc_nano.a(lib_a-memcpy-stub.o)
                              Middlewares/Third_Party/FreeRTOS/Source/queue.o (memcpy)
/home/david/Ac6/SystemWorkbench/plugins/fr.ac6.mcu.externaltools.arm-none.linux64_1.17.0.201812190825/tools/compiler/bin/../lib/gcc/arm-none-eabi/7.3.1/../../../../arm-none-eabi/lib/thumb/v7e-m/fpv4-sp/hard/libc_nano.a(lib_a-memset.o)
                              /home/david/Ac6/SystemWorkbench/plugins/fr.ac6.mcu.externaltools.arm-none.linux64_1.17.0.201812190825/tools/compiler/bin/../lib/gcc/arm-none-eabi/7.3.1/../../../../arm-none-eabi/lib/thumb/v7e-m/fpv4-sp/hard/crt0.o (memset)
/home/david/Ac6/SystemWorkbench/plugins/fr.ac6.mcu.externaltools.arm-none.linux64_1.17.0.201812190825/tools/compiler/bin/../lib/gcc/arm-none-eabi/7.3.1/../../../../arm-none-eabi/lib/thumb/v7e-m/fpv4-sp/hard/libc_nano.a(lib_a-printf.o)
                              Src/main.o (printf)
/home/david/Ac6/SystemWorkbench/plugins/fr.ac6.mcu.externaltools.arm-none.linux64_1.17.0.201812190825/tools/compiler/bin/../lib/gcc/arm-none-eabi/7.3.1/../../../../arm-none-eabi/lib/thumb/v7e-m/fpv4-sp/hard/libc_nano.a(lib_a-findfp.o)
                              /home/david/Ac6/SystemWorkbench/plugins/fr.ac6.mcu.externaltools.arm-none.linux64_1.17.0.201812190825/tools/compiler/bin/../lib/gcc/arm-none-eabi/7.3.1/../../../../arm-none-eabi/lib/thumb/v7e-m/fpv4-sp/hard/libc_nano.a(lib_a-printf.o) (__sinit)
/home/david/Ac6/SystemWorkbench/plugins/fr.ac6.mcu.externaltools.arm-none.linux64_1.17.0.201812190825/tools/compiler/bin/../lib/gcc/arm-none-eabi/7.3.1/../../../../arm-none-eabi/lib/thumb/v7e-m/fpv4-sp/hard/libc_nano.a(lib_a-fwalk.o)
[...]
Memory Configuration

Name             Origin             Length             Attributes
RAM              0x0000000020000000 0x0000000000020000 xrw
FLASH            0x0000000008000000 0x0000000000080000 xr
*default*        0x0000000000000000 0xffffffffffffffff

Linker script and memory map

LOAD /home/david/Ac6/SystemWorkbench/plugins/fr.ac6.mcu.externaltools.arm-none.linux64_1.17.0.201812190825/tools/compiler/bin/../lib/gcc/arm-none-eabi/7.3.1/thumb/v7e-m/fpv4-sp/hard/crti.o
LOAD /home/david/Ac6/SystemWorkbench/plugins/fr.ac6.mcu.externaltools.arm-none.linux64_1.17.0.201812190825/tools/compiler/bin/../lib/gcc/arm-none-eabi/7.3.1/thumb/v7e-m/fpv4-sp/hard/crtbegin.o
LOAD /home/david/Ac6/SystemWorkbench/plugins/fr.ac6.mcu.externaltools.arm-none.linux64_1.17.0.201812190825/tools/compiler/bin/../lib/gcc/arm-none-eabi/7.3.1/../../../../arm-none-eabi/lib/thumb/v7e-m/fpv4-sp/hard/crt0.o
LOAD Drivers/STM32F4xx_HAL_Driver/Src/stm32f4xx_hal.o
LOAD Drivers/STM32F4xx_HAL_Driver/Src/stm32f4xx_hal_cortex.o
LOAD Drivers/STM32F4xx_HAL_Driver/Src/stm32f4xx_hal_dma.o
LOAD Drivers/STM32F4xx_HAL_Driver/Src/stm32f4xx_hal_dma_ex.o
LOAD Drivers/STM32F4xx_HAL_Driver/Src/stm32f4xx_hal_exti.o
LOAD Drivers/STM32F4xx_HAL_Driver/Src/stm32f4xx_hal_flash.o
LOAD Drivers/STM32F4xx_HAL_Driver/Src/stm32f4xx_hal_flash_ex.o
LOAD Drivers/STM32F4xx_HAL_Driver/Src/stm32f4xx_hal_flash_ramfunc.o
LOAD Drivers/STM32F4xx_HAL_Driver/Src/stm32f4xx_hal_gpio.o
LOAD Drivers/STM32F4xx_HAL_Driver/Src/stm32f4xx_hal_pwr.o
LOAD Drivers/STM32F4xx_HAL_Driver/Src/stm32f4xx_hal_pwr_ex.o
LOAD Drivers/STM32F4xx_HAL_Driver/Src/stm32f4xx_hal_rcc.o
LOAD Drivers/STM32F4xx_HAL_Driver/Src/stm32f4xx_hal_rcc_ex.o
LOAD Drivers/STM32F4xx_HAL_Driver/Src/stm32f4xx_hal_spi.o
LOAD Drivers/STM32F4xx_HAL_Driver/Src/stm32f4xx_hal_tim.o
LOAD Drivers/STM32F4xx_HAL_Driver/Src/stm32f4xx_hal_tim_ex.o
LOAD Drivers/STM32F4xx_HAL_Driver/Src/stm32f4xx_hal_uart.o
LOAD Middlewares/Third_Party/FreeRTOS/Source/CMSIS_RTOS/cmsis_os.o
LOAD Middlewares/Third_Party/FreeRTOS/Source/croutine.o
LOAD Middlewares/Third_Party/FreeRTOS/Source/event_groups.o
LOAD Middlewares/Third_Party/FreeRTOS/Source/list.o
LOAD Middlewares/Third_Party/FreeRTOS/Source/queue.o
LOAD Middlewares/Third_Party/FreeRTOS/Source/stream_buffer.o
LOAD Middlewares/Third_Party/FreeRTOS/Source/tasks.o
LOAD Middlewares/Third_Party/FreeRTOS/Source/timers.o
LOAD Middlewares/Third_Party/FreeRTOS/Source/portable/GCC/ARM_CM4F/port.o
LOAD Middlewares/Third_Party/FreeRTOS/Source/portable/MemMang/heap_4.o
LOAD Src/freertos.o
LOAD Src/main.o
LOAD Src/rf_driver.o
LOAD Src/stm32f4xx_hal_msp.o
LOAD Src/stm32f4xx_hal_timebase_tim.o
LOAD Src/stm32f4xx_it.o
LOAD Src/syscalls.o
LOAD Src/system_stm32f4xx.o
LOAD startup/startup_stm32f446xx.o
LOAD /home/david/Ac6/SystemWorkbench/plugins/fr.ac6.mcu.externaltools.arm-none.linux64_1.17.0.201812190825/tools/compiler/bin/../lib/gcc/arm-none-eabi/7.3.1/../../../../arm-none-eabi/lib/thumb/v7e-m/fpv4-sp/hard/libm.a
START GROUP
LOAD /home/david/Ac6/SystemWorkbench/plugins/fr.ac6.mcu.externaltools.arm-none.linux64_1.17.0.201812190825/tools/compiler/bin/../lib/gcc/arm-none-eabi/7.3.1/thumb/v7e-m/fpv4-sp/hard/libgcc.a
LOAD /home/david/Ac6/SystemWorkbench/plugins/fr.ac6.mcu.externaltools.arm-none.linux64_1.17.0.201812190825/tools/compiler/bin/../lib/gcc/arm-none-eabi/7.3.1/../../../../arm-none-eabi/lib/thumb/v7e-m/fpv4-sp/hard/libc_nano.a
END GROUP
START GROUP
LOAD /home/david/Ac6/SystemWorkbench/plugins/fr.ac6.mcu.externaltools.arm-none.linux64_1.17.0.201812190825/tools/compiler/bin/../lib/gcc/arm-none-eabi/7.3.1/thumb/v7e-m/fpv4-sp/hard/libgcc.a
LOAD /home/david/Ac6/SystemWorkbench/plugins/fr.ac6.mcu.externaltools.arm-none.linux64_1.17.0.201812190825/tools/compiler/bin/../lib/gcc/arm-none-eabi/7.3.1/../../../../arm-none-eabi/lib/thumb/v7e-m/fpv4-sp/hard/libc_nano.a
LOAD /home/david/Ac6/SystemWorkbench/plugins/fr.ac6.mcu.externaltools.arm-none.linux64_1.17.0.201812190825/tools/compiler/bin/../lib/gcc/arm-none-eabi/7.3.1/../../../../arm-none-eabi/lib/thumb/v7e-m/fpv4-sp/hard/libnosys.a
END GROUP
START GROUP
LOAD /home/david/Ac6/SystemWorkbench/plugins/fr.ac6.mcu.externaltools.arm-none.linux64_1.17.0.201812190825/tools/compiler/bin/../lib/gcc/arm-none-eabi/7.3.1/thumb/v7e-m/fpv4-sp/hard/libgcc.a
LOAD /home/david/Ac6/SystemWorkbench/plugins/fr.ac6.mcu.externaltools.arm-none.linux64_1.17.0.201812190825/tools/compiler/bin/../lib/gcc/arm-none-eabi/7.3.1/../../../../arm-none-eabi/lib/thumb/v7e-m/fpv4-sp/hard/libc_nano.a
LOAD /home/david/Ac6/SystemWorkbench/plugins/fr.ac6.mcu.externaltools.arm-none.linux64_1.17.0.201812190825/tools/compiler/bin/../lib/gcc/arm-none-eabi/7.3.1/../../../../arm-none-eabi/lib/thumb/v7e-m/fpv4-sp/hard/libnosys.a
END GROUP
LOAD /home/david/Ac6/SystemWorkbench/plugins/fr.ac6.mcu.externaltools.arm-none.linux64_1.17.0.201812190825/tools/compiler/bin/../lib/gcc/arm-none-eabi/7.3.1/thumb/v7e-m/fpv4-sp/hard/crtend.o
LOAD /home/david/Ac6/SystemWorkbench/plugins/fr.ac6.mcu.externaltools.arm-none.linux64_1.17.0.201812190825/tools/compiler/bin/../lib/gcc/arm-none-eabi/7.3.1/thumb/v7e-m/fpv4-sp/hard/crtn.o
                0x0000000020020000                _estack = 0x20020000
                0x0000000000000200                _Min_Heap_Size = 0x200
                0x0000000000000400                _Min_Stack_Size = 0x400

.isr_vector     0x0000000008000000      0x1c4
                0x0000000008000000                . = ALIGN (0x4)
 *(.isr_vector)
 .isr_vector    0x0000000008000000      0x1c4 startup/startup_stm32f446xx.o
                0x0000000008000000                g_pfnVectors
                0x00000000080001c4                . = ALIGN (0x4)

.text           0x00000000080001d0     0x37e0
                0x00000000080001d0                . = ALIGN (0x4)
 *(.text)
 .text          0x00000000080001d0       0x40 /home/david/Ac6/SystemWorkbench/plugins/fr.ac6.mcu.externaltools.arm-none.linux64_1.17.0.201812190825/tools/compiler/bin/../lib/gcc/arm-none-eabi/7.3.1/thumb/v7e-m/fpv4-sp/hard/crtbegin.o
 .text          0x0000000008000210       0x30 /home/david/Ac6/SystemWorkbench/plugins/fr.ac6.mcu.externaltools.arm-none.linux64_1.17.0.201812190825/tools/compiler/bin/../lib/gcc/arm-none-eabi/7.3.1/thumb/v7e-m/fpv4-sp/hard/libgcc.a(_aeabi_uldivmod.o)
                0x0000000008000210                __aeabi_uldivmod
 .text          0x0000000008000240      0x2cc /home/david/Ac6/SystemWorkbench/plugins/fr.ac6.mcu.externaltools.arm-none.linux64_1.17.0.201812190825/tools/compiler/bin/../lib/gcc/arm-none-eabi/7.3.1/thumb/v7e-m/fpv4-sp/hard/libgcc.a(_udivmoddi4.o)
                0x0000000008000240                __udivmoddi4
 .text          0x000000000800050c        0x4 /home/david/Ac6/SystemWorkbench/plugins/fr.ac6.mcu.externaltools.arm-none.linux64_1.17.0.201812190825/tools/compiler/bin/../lib/gcc/arm-none-eabi/7.3.1/thumb/v7e-m/fpv4-sp/hard/libgcc.a(_dvmd_tls.o)
                0x000000000800050c                __aeabi_ldiv0
                0x000000000800050c                __aeabi_idiv0
 .text          0x0000000008000510       0xa0 /home/david/Ac6/SystemWorkbench/plugins/fr.ac6.mcu.externaltools.arm-none.linux64_1.17.0.201812190825/tools/compiler/bin/../lib/gcc/arm-none-eabi/7.3.1/../../../../arm-none-eabi/lib/thumb/v7e-m/fpv4-sp/hard/libc_nano.a(lib_a-memchr.o)
                0x0000000008000510                memchr
 *(.text*)
 .text.HAL_Init
                0x00000000080005b0       0x34 Drivers/STM32F4xx_HAL_Driver/Src/stm32f4xx_hal.o
                0x00000000080005b0                HAL_Init
 .text.HAL_IncTick
                0x00000000080005e4       0x18 Drivers/STM32F4xx_HAL_Driver/Src/stm32f4xx_hal.o
                0x00000000080005e4                HAL_IncTick
 .text.HAL_GetTick
                0x00000000080005fc        0xc Drivers/STM32F4xx_HAL_Driver/Src/stm32f4xx_hal.o
                0x00000000080005fc                HAL_GetTick
 .text.HAL_NVIC_SetPriorityGrouping
                0x0000000008000608       0x24 Drivers/STM32F4xx_HAL_Driver/Src/stm32f4xx_hal_cortex.o
                0x0000000008000608                HAL_NVIC_SetPriorityGrouping
 .text.HAL_NVIC_SetPriority
                0x000000000800062c       0x68 Drivers/STM32F4xx_HAL_Driver/Src/stm32f4xx_hal_cortex.o
                0x000000000800062c                HAL_NVIC_SetPriority
 .text.HAL_NVIC_EnableIRQ
                0x0000000008000694       0x1c Drivers/STM32F4xx_HAL_Driver/Src/stm32f4xx_hal_cortex.o
                0x0000000008000694                HAL_NVIC_EnableIRQ
 .text.HAL_GPIO_Init
                0x00000000080006b0      0x1bc Drivers/STM32F4xx_HAL_Driver/Src/stm32f4xx_hal_gpio.o
                0x00000000080006b0                HAL_GPIO_Init
 .text.HAL_GPIO_WritePin
                0x000000000800086c        0xc Drivers/STM32F4xx_HAL_Driver/Src/stm32f4xx_hal_gpio.o
                0x000000000800086c                HAL_GPIO_WritePin
 .text.HAL_RCC_ClockConfig
                0x0000000008000878      0x158 Drivers/STM32F4xx_HAL_Driver/Src/stm32f4xx_hal_rcc.o
                0x0000000008000878                HAL_RCC_ClockConfig
 .text.HAL_RCC_GetHCLKFreq
                0x00000000080009d0        0xc Drivers/STM32F4xx_HAL_Driver/Src/stm32f4xx_hal_rcc.o
                0x00000000080009d0                HAL_RCC_GetHCLKFreq
 .text.HAL_RCC_GetPCLK1Freq
                0x00000000080009dc       0x20 Drivers/STM32F4xx_HAL_Driver/Src/stm32f4xx_hal_rcc.o
                0x00000000080009dc                HAL_RCC_GetPCLK1Freq
 .text.HAL_RCC_GetPCLK2Freq
                0x00000000080009fc       0x20 Drivers/STM32F4xx_HAL_Driver/Src/stm32f4xx_hal_rcc.o
                0x00000000080009fc                HAL_RCC_GetPCLK2Freq
 .text.HAL_RCC_GetClockConfig
                0x0000000008000a1c       0x3c Drivers/STM32F4xx_HAL_Driver/Src/stm32f4xx_hal_rcc.o
                0x0000000008000a1c                HAL_RCC_GetClockConfig
 .text.HAL_RCC_GetSysClockFreq
                0x0000000008000a58      0x184 Drivers/STM32F4xx_HAL_Driver/Src/stm32f4xx_hal_rcc_ex.o
                0x0000000008000a58                HAL_RCC_GetSysClockFreq
 .text.HAL_RCC_OscConfig
                0x0000000008000bdc      0x3c4 Drivers/STM32F4xx_HAL_Driver/Src/stm32f4xx_hal_rcc_ex.o
                0x0000000008000bdc                HAL_RCC_OscConfig
 .text.SPI_WaitFlagStateUntilTimeout
                0x0000000008000fa0       0x90 Drivers/STM32F4xx_HAL_Driver/Src/stm32f4xx_hal_spi.o
 .text.SPI_EndRxTxTransaction
                0x0000000008001030       0x28 Drivers/STM32F4xx_HAL_Driver/Src/stm32f4xx_hal_spi.o
 .text.SPI_EndRxTransaction
                0x0000000008001058       0x4c Drivers/STM32F4xx_HAL_Driver/Src/stm32f4xx_hal_spi.o
 .text.HAL_SPI_Init
                0x00000000080010a4       0x80 Drivers/STM32F4xx_HAL_Driver/Src/stm32f4xx_hal_spi.o
                0x00000000080010a4                HAL_SPI_Init
 .text.HAL_SPI_Transmit
                0x0000000008001124      0x19a Drivers/STM32F4xx_HAL_Driver/Src/stm32f4xx_hal_spi.o
                0x0000000008001124                HAL_SPI_Transmit
 .text.HAL_SPI_TransmitReceive
                0x00000000080012be      0x22e Drivers/STM32F4xx_HAL_Driver/Src/stm32f4xx_hal_spi.o
                0x00000000080012be                HAL_SPI_TransmitReceive
 .text.HAL_SPI_Receive
                0x00000000080014ec      0x162 Drivers/STM32F4xx_HAL_Driver/Src/stm32f4xx_hal_spi.o
                0x00000000080014ec                HAL_SPI_Receive
 .text.HAL_TIM_Base_MspInit
                0x000000000800164e        0x2 Drivers/STM32F4xx_HAL_Driver/Src/stm32f4xx_hal_tim.o
                0x000000000800164e                HAL_TIM_Base_MspInit
 .text.HAL_TIM_Base_Start_IT
                0x0000000008001650       0x22 Drivers/STM32F4xx_HAL_Driver/Src/stm32f4xx_hal_tim.o
                0x0000000008001650                HAL_TIM_Base_Start_IT
 .text.HAL_TIM_OC_DelayElapsedCallback
                0x0000000008001672        0x2 Drivers/STM32F4xx_HAL_Driver/Src/stm32f4xx_hal_tim.o
                0x0000000008001672                HAL_TIM_OC_DelayElapsedCallback
 .text.HAL_TIM_IC_CaptureCallback
                0x0000000008001674        0x2 Drivers/STM32F4xx_HAL_Driver/Src/stm32f4xx_hal_tim.o
                0x0000000008001674                HAL_TIM_IC_CaptureCallback
 .text.HAL_TIM_PWM_PulseFinishedCallback
                0x0000000008001676        0x2 Drivers/STM32F4xx_HAL_Driver/Src/stm32f4xx_hal_tim.o
                0x0000000008001676                HAL_TIM_PWM_PulseFinishedCallback
 .text.HAL_TIM_TriggerCallback
                0x0000000008001678        0x2 Drivers/STM32F4xx_HAL_Driver/Src/stm32f4xx_hal_tim.o
                0x0000000008001678                HAL_TIM_TriggerCallback
 .text.HAL_TIM_IRQHandler
                0x000000000800167a      0x17a Drivers/STM32F4xx_HAL_Driver/Src/stm32f4xx_hal_tim.o
                0x000000000800167a                HAL_TIM_IRQHandler
 .text.TIM_Base_SetConfig
                0x00000000080017f4       0xc8 Drivers/STM32F4xx_HAL_Driver/Src/stm32f4xx_hal_tim.o
                0x00000000080017f4                TIM_Base_SetConfig
 .text.HAL_TIM_Base_Init
                0x00000000080018bc       0x32 Drivers/STM32F4xx_HAL_Driver/Src/stm32f4xx_hal_tim.o
                0x00000000080018bc                HAL_TIM_Base_Init
 .text.HAL_TIMEx_CommutCallback
                0x00000000080018ee        0x2 Drivers/STM32F4xx_HAL_Driver/Src/stm32f4xx_hal_tim_ex.o
                0x00000000080018ee                HAL_TIMEx_CommutCallback
 .text.HAL_TIMEx_BreakCallback
                0x00000000080018f0        0x2 Drivers/STM32F4xx_HAL_Driver/Src/stm32f4xx_hal_tim_ex.o
                0x00000000080018f0                HAL_TIMEx_BreakCallback
 *fill*         0x00000000080018f2        0x2 
 .text.UART_SetConfig
                0x00000000080018f4      0x334 Drivers/STM32F4xx_HAL_Driver/Src/stm32f4xx_hal_uart.o
 .text.UART_WaitOnFlagUntilTimeout
                0x0000000008001c28       0x62 Drivers/STM32F4xx_HAL_Driver/Src/stm32f4xx_hal_uart.o
 .text.HAL_UART_Init
                0x0000000008001c8a       0x5e Drivers/STM32F4xx_HAL_Driver/Src/stm32f4xx_hal_uart.o
                0x0000000008001c8a                HAL_UART_Init
 .text.HAL_UART_Transmit
                0x0000000008001ce8       0xe0 Drivers/STM32F4xx_HAL_Driver/Src/stm32f4xx_hal_uart.o
                0x0000000008001ce8                HAL_UART_Transmit
 .text.vListInsertEnd
                0x0000000008001dc8       0x18 Middlewares/Third_Party/FreeRTOS/Source/list.o
                0x0000000008001dc8                vListInsertEnd
 .text.uxListRemove
                0x0000000008001de0       0x28 Middlewares/Third_Party/FreeRTOS/Source/list.o
                0x0000000008001de0                uxListRemove
 .text.prvResetNextTaskUnblockTime
                0x0000000008001e08       0x24 Middlewares/Third_Party/FreeRTOS/Source/tasks.o
 .text.xTaskIncrementTick
                0x0000000008001e2c      0x10c Middlewares/Third_Party/FreeRTOS/Source/tasks.o
                0x0000000008001e2c                xTaskIncrementTick
 .text.vTaskSwitchContext
                0x0000000008001f38       0x90 Middlewares/Third_Party/FreeRTOS/Source/tasks.o
                0x0000000008001f38                vTaskSwitchContext
 *fill*         0x0000000008001fc8        0x8 
 .text.SVC_Handler
                0x0000000008001fd0       0x24 Middlewares/Third_Party/FreeRTOS/Source/portable/GCC/ARM_CM4F/port.o
                0x0000000008001fd0                SVC_Handler
 *fill*         0x0000000008001ff4        0xc 
 .text.PendSV_Handler
                0x0000000008002000       0x64 Middlewares/Third_Party/FreeRTOS/Source/portable/GCC/ARM_CM4F/port.o
                0x0000000008002000                PendSV_Handler
 .text.SysTick_Handler
                0x0000000008002064       0x2c Middlewares/Third_Party/FreeRTOS/Source/portable/GCC/ARM_CM4F/port.o
                0x0000000008002064                SysTick_Handler
 .text.MX_GPIO_Init
                0x0000000008002090      0x1a4 Src/main.o
 .text.MX_SPI1_Init
                0x0000000008002234       0x3c Src/main.o
 .text.MX_USART3_UART_Init
                0x0000000008002270       0x2c Src/main.o
 .text.MX_USART2_UART_Init
                0x000000000800229c       0x2c Src/main.o
 .text.SystemClock_Config
                0x00000000080022c8       0x98 Src/main.o
                0x00000000080022c8                SystemClock_Config
 .text.main     0x0000000008002360       0x70 Src/main.o
                0x0000000008002360                main
 .text.HAL_TIM_PeriodElapsedCallback
                0x00000000080023d0       0x18 Src/main.o
                0x00000000080023d0                HAL_TIM_PeriodElapsedCallback
 .text.rf_init_driver
                0x00000000080023e8        0xc Src/rf_driver.o
                0x00000000080023e8                rf_init_driver
 .text.spi_write
                0x00000000080023f4       0x54 Src/rf_driver.o
                0x00000000080023f4                spi_write
 .text.rf_write_strobe
                0x0000000008002448       0x1a Src/rf_driver.o
                0x0000000008002448                rf_write_strobe
 *fill*         0x0000000008002462        0x2 
 .text.rf_reset
                0x0000000008002464       0x54 Src/rf_driver.o
                0x0000000008002464                rf_reset
 .text.rf_write_register
                0x00000000080024b8       0x20 Src/rf_driver.o
                0x00000000080024b8                rf_write_register
 .text.rf_set_channel
                0x00000000080024d8        0xc Src/rf_driver.o
                0x00000000080024d8                rf_set_channel
 .text.rf_set_output_power_level
                0x00000000080024e4       0x54 Src/rf_driver.o
                0x00000000080024e4                rf_set_output_power_level
 .text.rf_write_data
                0x0000000008002538       0x24 Src/rf_driver.o
                0x0000000008002538                rf_write_data
 .text.rf_set_modulation_mode
                0x000000000800255c       0x4c Src/rf_driver.o
                0x000000000800255c                rf_set_modulation_mode
 .text.rf_set_ISMband
                0x00000000080025a8       0x74 Src/rf_driver.o
                0x00000000080025a8                rf_set_ISMband
 .text.spi_read
                0x000000000800261c       0x54 Src/rf_driver.o
                0x000000000800261c                spi_read
 .text.rf_read_register
                0x0000000008002670       0x24 Src/rf_driver.o
                0x0000000008002670                rf_read_register
 .text.rf_check
                0x0000000008002694       0x38 Src/rf_driver.o
                0x0000000008002694                rf_check
 .text.rf_begin
                0x00000000080026cc       0x62 Src/rf_driver.o
                0x00000000080026cc                rf_begin
 .text.sidle    0x000000000800272e       0x30 Src/rf_driver.o
                0x000000000800272e                sidle
 .text.transmit
                0x000000000800275e       0x30 Src/rf_driver.o
                0x000000000800275e                transmit
 *fill*         0x000000000800278e        0x2 
 .text.__io_putchar
                0x0000000008002790       0x24 Src/rf_driver.o
                0x0000000008002790                __io_putchar
 .text._write   0x00000000080027b4       0x1c Src/rf_driver.o
                0x00000000080027b4                _write
 .text.init_led
                0x00000000080027d0       0x4c Src/rf_driver.o
                0x00000000080027d0                init_led
 .text.HAL_MspInit
                0x000000000800281c       0x44 Src/stm32f4xx_hal_msp.o
                0x000000000800281c                HAL_MspInit
 .text.HAL_SPI_MspInit
                0x0000000008002860       0x70 Src/stm32f4xx_hal_msp.o
                0x0000000008002860                HAL_SPI_MspInit
 .text.HAL_UART_MspInit
                0x00000000080028d0       0xf4 Src/stm32f4xx_hal_msp.o
                0x00000000080028d0                HAL_UART_MspInit
 .text.HAL_InitTick
                0x00000000080029c4       0x7c Src/stm32f4xx_hal_timebase_tim.o
                0x00000000080029c4                HAL_InitTick
 .text.NMI_Handler
                0x0000000008002a40        0x2 Src/stm32f4xx_it.o
                0x0000000008002a40                NMI_Handler
 .text.HardFault_Handler
                0x0000000008002a42        0x2 Src/stm32f4xx_it.o
                0x0000000008002a42                HardFault_Handler
 .text.MemManage_Handler
                0x0000000008002a44        0x2 Src/stm32f4xx_it.o
                0x0000000008002a44                MemManage_Handler
 .text.BusFault_Handler
                0x0000000008002a46        0x2 Src/stm32f4xx_it.o
                0x0000000008002a46                BusFault_Handler
 .text.UsageFault_Handler
                0x0000000008002a48        0x2 Src/stm32f4xx_it.o
                0x0000000008002a48                UsageFault_Handler
 .text.DebugMon_Handler
                0x0000000008002a4a        0x2 Src/stm32f4xx_it.o
                0x0000000008002a4a                DebugMon_Handler
 .text.TIM1_UP_TIM10_IRQHandler
                0x0000000008002a4c       0x10 Src/stm32f4xx_it.o
                0x0000000008002a4c                TIM1_UP_TIM10_IRQHandler
 .text._read    0x0000000008002a5c       0x1c Src/syscalls.o
                0x0000000008002a5c                _read
 .text._sbrk    0x0000000008002a78       0x3c Src/syscalls.o
                0x0000000008002a78                _sbrk
 .text._close   0x0000000008002ab4        0x6 Src/syscalls.o
                0x0000000008002ab4                _close
 .text._fstat   0x0000000008002aba        0xa Src/syscalls.o
                0x0000000008002aba                _fstat
 .text._isatty  0x0000000008002ac4        0x4 Src/syscalls.o
                0x0000000008002ac4                _isatty
 .text._lseek   0x0000000008002ac8        0x4 Src/syscalls.o
                0x0000000008002ac8                _lseek
 .text.SystemInit
                0x0000000008002acc       0x4c Src/system_stm32f4xx.o
                0x0000000008002acc                SystemInit
 .text.Reset_Handler
                0x0000000008002b18       0x50 startup/startup_stm32f446xx.o
                0x0000000008002b18                Reset_Handler
 .text.Default_Handler
                0x0000000008002b68        0x2 startup/startup_stm32f446xx.o
                0x0000000008002b68                RTC_Alarm_IRQHandler
                0x0000000008002b68                EXTI2_IRQHandler
                0x0000000008002b68                TIM8_CC_IRQHandler
                0x0000000008002b68                FMPI2C1_EV_IRQHandler
                0x0000000008002b68                SPI4_IRQHandler
                0x0000000008002b68                TIM1_CC_IRQHandler
                0x0000000008002b68                DMA2_Stream5_IRQHandler
                0x0000000008002b68                DMA1_Stream5_IRQHandler
                0x0000000008002b68                PVD_IRQHandler
                0x0000000008002b68                SDIO_IRQHandler
                0x0000000008002b68                TAMP_STAMP_IRQHandler
                0x0000000008002b68                CAN2_RX1_IRQHandler
                0x0000000008002b68                EXTI3_IRQHandler
                0x0000000008002b68                TIM8_TRG_COM_TIM14_IRQHandler
                0x0000000008002b68                TIM8_UP_TIM13_IRQHandler
                0x0000000008002b68                I2C3_ER_IRQHandler
                0x0000000008002b68                EXTI0_IRQHandler
                0x0000000008002b68                I2C2_EV_IRQHandler
                0x0000000008002b68                DMA1_Stream2_IRQHandler
                0x0000000008002b68                CAN1_RX0_IRQHandler
                0x0000000008002b68                FPU_IRQHandler
                0x0000000008002b68                OTG_HS_WKUP_IRQHandler
                0x0000000008002b68                CAN2_SCE_IRQHandler
                0x0000000008002b68                DMA2_Stream2_IRQHandler
                0x0000000008002b68                SPI1_IRQHandler
                0x0000000008002b68                TIM6_DAC_IRQHandler
                0x0000000008002b68                TIM1_BRK_TIM9_IRQHandler
                0x0000000008002b68                DCMI_IRQHandler
                0x0000000008002b68                CAN2_RX0_IRQHandler
                0x0000000008002b68                DMA2_Stream3_IRQHandler
                0x0000000008002b68                SAI2_IRQHandler
                0x0000000008002b68                USART6_IRQHandler
                0x0000000008002b68                USART3_IRQHandler
                0x0000000008002b68                CAN1_RX1_IRQHandler
                0x0000000008002b68                UART5_IRQHandler
                0x0000000008002b68                DMA2_Stream0_IRQHandler
                0x0000000008002b68                TIM4_IRQHandler
                0x0000000008002b68                QUADSPI_IRQHandler
                0x0000000008002b68                I2C1_EV_IRQHandler
                0x0000000008002b68                DMA1_Stream6_IRQHandler
                0x0000000008002b68                DMA1_Stream1_IRQHandler
                0x0000000008002b68                UART4_IRQHandler
                0x0000000008002b68                TIM3_IRQHandler
                0x0000000008002b68                RCC_IRQHandler
                0x0000000008002b68                TIM8_BRK_TIM12_IRQHandler
                0x0000000008002b68                Default_Handler
                0x0000000008002b68                CEC_IRQHandler
                0x0000000008002b68                EXTI15_10_IRQHandler
                0x0000000008002b68                ADC_IRQHandler
                0x0000000008002b68                DMA1_Stream7_IRQHandler
                0x0000000008002b68                TIM7_IRQHandler
                0x0000000008002b68                CAN2_TX_IRQHandler
                0x0000000008002b68                TIM5_IRQHandler
                0x0000000008002b68                DMA2_Stream7_IRQHandler
                0x0000000008002b68                I2C3_EV_IRQHandler
                0x0000000008002b68                EXTI9_5_IRQHandler
                0x0000000008002b68                RTC_WKUP_IRQHandler
                0x0000000008002b68                SPDIF_RX_IRQHandler
                0x0000000008002b68                SPI2_IRQHandler
                0x0000000008002b68                OTG_HS_EP1_IN_IRQHandler
                0x0000000008002b68                DMA1_Stream0_IRQHandler
                0x0000000008002b68                CAN1_TX_IRQHandler
                0x0000000008002b68                FMPI2C1_ER_IRQHandler
                0x0000000008002b68                EXTI4_IRQHandler
                0x0000000008002b68                OTG_HS_EP1_OUT_IRQHandler
                0x0000000008002b68                WWDG_IRQHandler
                0x0000000008002b68                TIM2_IRQHandler
                0x0000000008002b68                OTG_FS_WKUP_IRQHandler
                0x0000000008002b68                TIM1_TRG_COM_TIM11_IRQHandler
                0x0000000008002b68                OTG_HS_IRQHandler
                0x0000000008002b68                EXTI1_IRQHandler
                0x0000000008002b68                USART2_IRQHandler
                0x0000000008002b68                I2C2_ER_IRQHandler
                0x0000000008002b68                DMA2_Stream1_IRQHandler
                0x0000000008002b68                CAN1_SCE_IRQHandler
                0x0000000008002b68                FLASH_IRQHandler
                0x0000000008002b68                DMA2_Stream4_IRQHandler
                0x0000000008002b68                USART1_IRQHandler
                0x0000000008002b68                OTG_FS_IRQHandler
                0x0000000008002b68                SPI3_IRQHandler
                0x0000000008002b68                DMA1_Stream4_IRQHandler
                0x0000000008002b68                I2C1_ER_IRQHandler
                0x0000000008002b68                FMC_IRQHandler
                0x0000000008002b68                DMA2_Stream6_IRQHandler
                0x0000000008002b68                SAI1_IRQHandler
                0x0000000008002b68                DMA1_Stream3_IRQHandler
 *fill*         0x0000000008002b6a        0x2 
 .text.__errno  0x0000000008002b6c        0xc /home/david/Ac6/SystemWorkbench/plugins/fr.ac6.mcu.externaltools.arm-none.linux64_1.17.0.201812190825/tools/compiler/bin/../lib/gcc/arm-none-eabi/7.3.1/../../../../arm-none-eabi/lib/thumb/v7e-m/fpv4-sp/hard/libc_nano.a(lib_a-errno.o)
                0x0000000008002b6c                __errno
 .text.__libc_init_array
                0x0000000008002b78       0x48 /home/david/Ac6/SystemWorkbench/plugins/fr.ac6.mcu.externaltools.arm-none.linux64_1.17.0.201812190825/tools/compiler/bin/../lib/gcc/arm-none-eabi/7.3.1/../../../../arm-none-eabi/lib/thumb/v7e-m/fpv4-sp/hard/libc_nano.a(lib_a-init.o)
                0x0000000008002b78                __libc_init_array
 .text.memset   0x0000000008002bc0       0x10 /home/david/Ac6/SystemWorkbench/plugins/fr.ac6.mcu.externaltools.arm-none.linux64_1.17.0.201812190825/tools/compiler/bin/../lib/gcc/arm-none-eabi/7.3.1/../../../../arm-none-eabi/lib/thumb/v7e-m/fpv4-sp/hard/libc_nano.a(lib_a-memset.o)
                0x0000000008002bc0                memset
 .text.printf   0x0000000008002bd0       0x30 /home/david/Ac6/SystemWorkbench/plugins/fr.ac6.mcu.externaltools.arm-none.linux64_1.17.0.201812190825/tools/compiler/bin/../lib/gcc/arm-none-eabi/7.3.1/../../../../arm-none-eabi/lib/thumb/v7e-m/fpv4-sp/hard/libc_nano.a(lib_a-printf.o)
                0x0000000008002bd0                printf
                0x0000000008002bd0                iprintf
 .text.std      0x0000000008002c00       0x48 /home/david/Ac6/SystemWorkbench/plugins/fr.ac6.mcu.externaltools.arm-none.linux64_1.17.0.201812190825/tools/compiler/bin/../lib/gcc/arm-none-eabi/7.3.1/../../../../arm-none-eabi/lib/thumb/v7e-m/fpv4-sp/hard/libc_nano.a(lib_a-findfp.o)
 .text._cleanup_r
                0x0000000008002c48        0xc /home/david/Ac6/SystemWorkbench/plugins/fr.ac6.mcu.externaltools.arm-none.linux64_1.17.0.201812190825/tools/compiler/bin/../lib/gcc/arm-none-eabi/7.3.1/../../../../arm-none-eabi/lib/thumb/v7e-m/fpv4-sp/hard/libc_nano.a(lib_a-findfp.o)
                0x0000000008002c48                _cleanup_r
 .text.__sfmoreglue
                0x0000000008002c54       0x2c /home/david/Ac6/SystemWorkbench/plugins/fr.ac6.mcu.externaltools.arm-none.linux64_1.17.0.201812190825/tools/compiler/bin/../lib/gcc/arm-none-eabi/7.3.1/../../../../arm-none-eabi/lib/thumb/v7e-m/fpv4-sp/hard/libc_nano.a(lib_a-findfp.o)
                0x0000000008002c54                __sfmoreglue
 .text.__sinit  0x0000000008002c80       0x60 /home/david/Ac6/SystemWorkbench/plugins/fr.ac6.mcu.externaltools.arm-none.linux64_1.17.0.201812190825/tools/compiler/bin/../lib/gcc/arm-none-eabi/7.3.1/../../../../arm-none-eabi/lib/thumb/v7e-m/fpv4-sp/hard/libc_nano.a(lib_a-findfp.o)
                0x0000000008002c80                __sinit
 .text.__sfp    0x0000000008002ce0       0x78 /home/david/Ac6/SystemWorkbench/plugins/fr.ac6.mcu.externaltools.arm-none.linux64_1.17.0.201812190825/tools/compiler/bin/../lib/gcc/arm-none-eabi/7.3.1/../../../../arm-none-eabi/lib/thumb/v7e-m/fpv4-sp/hard/libc_nano.a(lib_a-findfp.o)
                0x0000000008002ce0                __sfp
 .text._fwalk_reent
                0x0000000008002d58       0x3c /home/david/Ac6/SystemWorkbench/plugins/fr.ac6.mcu.externaltools.arm-none.linux64_1.17.0.201812190825/tools/compiler/bin/../lib/gcc/arm-none-eabi/7.3.1/../../../../arm-none-eabi/lib/thumb/v7e-m/fpv4-sp/hard/libc_nano.a(lib_a-fwalk.o)
                0x0000000008002d58                _fwalk_reent
 .text._malloc_r
                0x0000000008002d94       0xb4 /home/david/Ac6/SystemWorkbench/plugins/fr.ac6.mcu.externaltools.arm-none.linux64_1.17.0.201812190825/tools/compiler/bin/../lib/gcc/arm-none-eabi/7.3.1/../../../../arm-none-eabi/lib/thumb/v7e-m/fpv4-sp/hard/libc_nano.a(lib_a-nano-mallocr.o)
                0x0000000008002d94                _malloc_r
 .text.__sfputc_r
                0x0000000008002e48       0x2e /home/david/Ac6/SystemWorkbench/plugins/fr.ac6.mcu.externaltools.arm-none.linux64_1.17.0.201812190825/tools/compiler/bin/../lib/gcc/arm-none-eabi/7.3.1/../../../../arm-none-eabi/lib/thumb/v7e-m/fpv4-sp/hard/libc_nano.a(lib_a-nano-vfprintf.o)
 .text.__sfputs_r
                0x0000000008002e76       0x24 /home/david/Ac6/SystemWorkbench/plugins/fr.ac6.mcu.externaltools.arm-none.linux64_1.17.0.201812190825/tools/compiler/bin/../lib/gcc/arm-none-eabi/7.3.1/../../../../arm-none-eabi/lib/thumb/v7e-m/fpv4-sp/hard/libc_nano.a(lib_a-nano-vfprintf.o)
                0x0000000008002e76                __sfputs_r
 *fill*         0x0000000008002e9a        0x2 
 .text._vfprintf_r
                0x0000000008002e9c      0x22c /home/david/Ac6/SystemWorkbench/plugins/fr.ac6.mcu.externaltools.arm-none.linux64_1.17.0.201812190825/tools/compiler/bin/../lib/gcc/arm-none-eabi/7.3.1/../../../../arm-none-eabi/lib/thumb/v7e-m/fpv4-sp/hard/libc_nano.a(lib_a-nano-vfprintf.o)
                0x0000000008002e9c                _vfiprintf_r
                0x0000000008002e9c                _vfprintf_r
 .text._printf_common
                0x00000000080030c8       0xea /home/david/Ac6/SystemWorkbench/plugins/fr.ac6.mcu.externaltools.arm-none.linux64_1.17.0.201812190825/tools/compiler/bin/../lib/gcc/arm-none-eabi/7.3.1/../../../../arm-none-eabi/lib/thumb/v7e-m/fpv4-sp/hard/libc_nano.a(lib_a-nano-vfprintf_i.o)
                0x00000000080030c8                _printf_common
 *fill*         0x00000000080031b2        0x2 
 .text._printf_i
                0x00000000080031b4      0x224 /home/david/Ac6/SystemWorkbench/plugins/fr.ac6.mcu.externaltools.arm-none.linux64_1.17.0.201812190825/tools/compiler/bin/../lib/gcc/arm-none-eabi/7.3.1/../../../../arm-none-eabi/lib/thumb/v7e-m/fpv4-sp/hard/libc_nano.a(lib_a-nano-vfprintf_i.o)
                0x00000000080031b4                _printf_i
 .text._sbrk_r  0x00000000080033d8       0x20 /home/david/Ac6/SystemWorkbench/plugins/fr.ac6.mcu.externaltools.arm-none.linux64_1.17.0.201812190825/tools/compiler/bin/../lib/gcc/arm-none-eabi/7.3.1/../../../../arm-none-eabi/lib/thumb/v7e-m/fpv4-sp/hard/libc_nano.a(lib_a-sbrkr.o)
                0x00000000080033d8                _sbrk_r
 .text.__sread  0x00000000080033f8       0x22 /home/david/Ac6/SystemWorkbench/plugins/fr.ac6.mcu.externaltools.arm-none.linux64_1.17.0.201812190825/tools/compiler/bin/../lib/gcc/arm-none-eabi/7.3.1/../../../../arm-none-eabi/lib/thumb/v7e-m/fpv4-sp/hard/libc_nano.a(lib_a-stdio.o)
                0x00000000080033f8                __sread
 .text.__swrite
                0x000000000800341a       0x38 /home/david/Ac6/SystemWorkbench/plugins/fr.ac6.mcu.externaltools.arm-none.linux64_1.17.0.201812190825/tools/compiler/bin/../lib/gcc/arm-none-eabi/7.3.1/../../../../arm-none-eabi/lib/thumb/v7e-m/fpv4-sp/hard/libc_nano.a(lib_a-stdio.o)
                0x000000000800341a                __swrite
 .text.__sseek  0x0000000008003452       0x24 /home/david/Ac6/SystemWorkbench/plugins/fr.ac6.mcu.externaltools.arm-none.linux64_1.17.0.201812190825/tools/compiler/bin/../lib/gcc/arm-none-eabi/7.3.1/../../../../arm-none-eabi/lib/thumb/v7e-m/fpv4-sp/hard/libc_nano.a(lib_a-stdio.o)
                0x0000000008003452                __sseek
 .text.__sclose
                0x0000000008003476        0x8 /home/david/Ac6/SystemWorkbench/plugins/fr.ac6.mcu.externaltools.arm-none.linux64_1.17.0.201812190825/tools/compiler/bin/../lib/gcc/arm-none-eabi/7.3.1/../../../../arm-none-eabi/lib/thumb/v7e-m/fpv4-sp/hard/libc_nano.a(lib_a-stdio.o)
                0x0000000008003476                __sclose
 *fill*         0x000000000800347e        0x2 
 .text.__swbuf_r
                0x0000000008003480       0xa4 /home/david/Ac6/SystemWorkbench/plugins/fr.ac6.mcu.externaltools.arm-none.linux64_1.17.0.201812190825/tools/compiler/bin/../lib/gcc/arm-none-eabi/7.3.1/../../../../arm-none-eabi/lib/thumb/v7e-m/fpv4-sp/hard/libc_nano.a(lib_a-wbuf.o)
                0x0000000008003480                __swbuf_r
 .text._write_r
                0x0000000008003524       0x24 /home/david/Ac6/SystemWorkbench/plugins/fr.ac6.mcu.externaltools.arm-none.linux64_1.17.0.201812190825/tools/compiler/bin/../lib/gcc/arm-none-eabi/7.3.1/../../../../arm-none-eabi/lib/thumb/v7e-m/fpv4-sp/hard/libc_nano.a(lib_a-writer.o)
                0x0000000008003524                _write_r
 .text.__swsetup_r
                0x0000000008003548       0xdc /home/david/Ac6/SystemWorkbench/plugins/fr.ac6.mcu.externaltools.arm-none.linux64_1.17.0.201812190825/tools/compiler/bin/../lib/gcc/arm-none-eabi/7.3.1/../../../../arm-none-eabi/lib/thumb/v7e-m/fpv4-sp/hard/libc_nano.a(lib_a-wsetup.o)
                0x0000000008003548                __swsetup_r
 .text._close_r
                0x0000000008003624       0x20 /home/david/Ac6/SystemWorkbench/plugins/fr.ac6.mcu.externaltools.arm-none.linux64_1.17.0.201812190825/tools/compiler/bin/../lib/gcc/arm-none-eabi/7.3.1/../../../../arm-none-eabi/lib/thumb/v7e-m/fpv4-sp/hard/libc_nano.a(lib_a-closer.o)
                0x0000000008003624                _close_r
 .text.__sflush_r
                0x0000000008003644      0x10c /home/david/Ac6/SystemWorkbench/plugins/fr.ac6.mcu.externaltools.arm-none.linux64_1.17.0.201812190825/tools/compiler/bin/../lib/gcc/arm-none-eabi/7.3.1/../../../../arm-none-eabi/lib/thumb/v7e-m/fpv4-sp/hard/libc_nano.a(lib_a-fflush.o)
                0x0000000008003644                __sflush_r
 .text._fflush_r
                0x0000000008003750       0x54 /home/david/Ac6/SystemWorkbench/plugins/fr.ac6.mcu.externaltools.arm-none.linux64_1.17.0.201812190825/tools/compiler/bin/../lib/gcc/arm-none-eabi/7.3.1/../../../../arm-none-eabi/lib/thumb/v7e-m/fpv4-sp/hard/libc_nano.a(lib_a-fflush.o)
                0x0000000008003750                _fflush_r
 .text._lseek_r
                0x00000000080037a4       0x24 /home/david/Ac6/SystemWorkbench/plugins/fr.ac6.mcu.externaltools.arm-none.linux64_1.17.0.201812190825/tools/compiler/bin/../lib/gcc/arm-none-eabi/7.3.1/../../../../arm-none-eabi/lib/thumb/v7e-m/fpv4-sp/hard/libc_nano.a(lib_a-lseekr.o)
                0x00000000080037a4                _lseek_r
 .text.__swhatbuf_r
                0x00000000080037c8       0x48 /home/david/Ac6/SystemWorkbench/plugins/fr.ac6.mcu.externaltools.arm-none.linux64_1.17.0.201812190825/tools/compiler/bin/../lib/gcc/arm-none-eabi/7.3.1/../../../../arm-none-eabi/lib/thumb/v7e-m/fpv4-sp/hard/libc_nano.a(lib_a-makebuf.o)
                0x00000000080037c8                __swhatbuf_r
 .text.__smakebuf_r
                0x0000000008003810       0x80 /home/david/Ac6/SystemWorkbench/plugins/fr.ac6.mcu.externaltools.arm-none.linux64_1.17.0.201812190825/tools/compiler/bin/../lib/gcc/arm-none-eabi/7.3.1/../../../../arm-none-eabi/lib/thumb/v7e-m/fpv4-sp/hard/libc_nano.a(lib_a-makebuf.o)
                0x0000000008003810                __smakebuf_r
 .text.__malloc_lock
                0x0000000008003890        0x2 /home/david/Ac6/SystemWorkbench/plugins/fr.ac6.mcu.externaltools.arm-none.linux64_1.17.0.201812190825/tools/compiler/bin/../lib/gcc/arm-none-eabi/7.3.1/../../../../arm-none-eabi/lib/thumb/v7e-m/fpv4-sp/hard/libc_nano.a(lib_a-mlock.o)
                0x0000000008003890                __malloc_lock
 .text.__malloc_unlock
                0x0000000008003892        0x2 /home/david/Ac6/SystemWorkbench/plugins/fr.ac6.mcu.externaltools.arm-none.linux64_1.17.0.201812190825/tools/compiler/bin/../lib/gcc/arm-none-eabi/7.3.1/../../../../arm-none-eabi/lib/thumb/v7e-m/fpv4-sp/hard/libc_nano.a(lib_a-mlock.o)
                0x0000000008003892                __malloc_unlock
 .text._free_r  0x0000000008003894       0x9c /home/david/Ac6/SystemWorkbench/plugins/fr.ac6.mcu.externaltools.arm-none.linux64_1.17.0.201812190825/tools/compiler/bin/../lib/gcc/arm-none-eabi/7.3.1/../../../../arm-none-eabi/lib/thumb/v7e-m/fpv4-sp/hard/libc_nano.a(lib_a-nano-freer.o)
                0x0000000008003894                _free_r
 .text._read_r  0x0000000008003930       0x24 /home/david/Ac6/SystemWorkbench/plugins/fr.ac6.mcu.externaltools.arm-none.linux64_1.17.0.201812190825/tools/compiler/bin/../lib/gcc/arm-none-eabi/7.3.1/../../../../arm-none-eabi/lib/thumb/v7e-m/fpv4-sp/hard/libc_nano.a(lib_a-readr.o)
                0x0000000008003930                _read_r
 .text._fstat_r
                0x0000000008003954       0x24 /home/david/Ac6/SystemWorkbench/plugins/fr.ac6.mcu.externaltools.arm-none.linux64_1.17.0.201812190825/tools/compiler/bin/../lib/gcc/arm-none-eabi/7.3.1/../../../../arm-none-eabi/lib/thumb/v7e-m/fpv4-sp/hard/libc_nano.a(lib_a-fstatr.o)
                0x0000000008003954                _fstat_r
 .text._isatty_r
                0x0000000008003978       0x20 /home/david/Ac6/SystemWorkbench/plugins/fr.ac6.mcu.externaltools.arm-none.linux64_1.17.0.201812190825/tools/compiler/bin/../lib/gcc/arm-none-eabi/7.3.1/../../../../arm-none-eabi/lib/thumb/v7e-m/fpv4-sp/hard/libc_nano.a(lib_a-isattyr.o)
                0x0000000008003978                _isatty_r
 *(.glue_7)
 .glue_7        0x0000000008003998        0x0 linker stubs
 *(.glue_7t)
 .glue_7t       0x0000000008003998        0x0 linker stubs
 *(.eh_frame)
 .eh_frame      0x0000000008003998        0x0 /home/david/Ac6/SystemWorkbench/plugins/fr.ac6.mcu.externaltools.arm-none.linux64_1.17.0.201812190825/tools/compiler/bin/../lib/gcc/arm-none-eabi/7.3.1/thumb/v7e-m/fpv4-sp/hard/crtbegin.o
 *(.init)
 .init          0x0000000008003998        0x4 /home/david/Ac6/SystemWorkbench/plugins/fr.ac6.mcu.externaltools.arm-none.linux64_1.17.0.201812190825/tools/compiler/bin/../lib/gcc/arm-none-eabi/7.3.1/thumb/v7e-m/fpv4-sp/hard/crti.o
                0x0000000008003998                _init
 .init          0x000000000800399c        0x8 /home/david/Ac6/SystemWorkbench/plugins/fr.ac6.mcu.externaltools.arm-none.linux64_1.17.0.201812190825/tools/compiler/bin/../lib/gcc/arm-none-eabi/7.3.1/thumb/v7e-m/fpv4-sp/hard/crtn.o
 *(.fini)
 .fini          0x00000000080039a4        0x4 /home/david/Ac6/SystemWorkbench/plugins/fr.ac6.mcu.externaltools.arm-none.linux64_1.17.0.201812190825/tools/compiler/bin/../lib/gcc/arm-none-eabi/7.3.1/thumb/v7e-m/fpv4-sp/hard/crti.o
                0x00000000080039a4                _fini
 .fini          0x00000000080039a8        0x8 /home/david/Ac6/SystemWorkbench/plugins/fr.ac6.mcu.externaltools.arm-none.linux64_1.17.0.201812190825/tools/compiler/bin/../lib/gcc/arm-none-eabi/7.3.1/thumb/v7e-m/fpv4-sp/hard/crtn.o
                0x00000000080039b0                . = ALIGN (0x4)
                0x00000000080039b0                _etext = .

.vfp11_veneer   0x00000000080039b0        0x0
 .vfp11_veneer  0x00000000080039b0        0x0 linker stubs

.v4_bx          0x00000000080039b0        0x0
 .v4_bx         0x00000000080039b0        0x0 linker stubs

.iplt           0x00000000080039b0        0x0
 .iplt          0x00000000080039b0        0x0 /home/david/Ac6/SystemWorkbench/plugins/fr.ac6.mcu.externaltools.arm-none.linux64_1.17.0.201812190825/tools/compiler/bin/../lib/gcc/arm-none-eabi/7.3.1/thumb/v7e-m/fpv4-sp/hard/crtbegin.o

.rodata         0x00000000080039b0      0x248
                0x00000000080039b0                . = ALIGN (0x4)
 *(.rodata)
 .rodata        0x00000000080039b0        0x6 Src/main.o
 *fill*         0x00000000080039b6        0x2 
 .rodata        0x00000000080039b8      0x140 Src/rf_driver.o
                0x00000000080039b8                cc1100_GFSK_1_2_kb
                0x00000000080039e8                cc1100_GFSK_38_4_kb
                0x0000000008003a18                cc1100_GFSK_100_kb
                0x0000000008003a48                cc1100_MSK_250_kb
                0x0000000008003a78                cc1100_MSK_500_kb
                0x0000000008003aa8                cc1100_OOK_4_8_kb
                0x0000000008003ad8                patable_power_315
                0x0000000008003ae0                patable_power_433
                0x0000000008003ae8                patable_power_868
                0x0000000008003af0                patable_power_915
 .rodata        0x0000000008003af8       0x18 Src/system_stm32f4xx.o
                0x0000000008003af8                AHBPrescTable
                0x0000000008003b08                APBPrescTable
 *(.rodata*)
 .rodata.str1.4
                0x0000000008003b10       0x27 Src/main.o
 *fill*         0x0000000008003b37        0x1 
 .rodata.str1.4
                0x0000000008003b38       0x28 Src/rf_driver.o
                                         0x25 (size before relaxing)
 .rodata._global_impure_ptr
                0x0000000008003b60        0x4 /home/david/Ac6/SystemWorkbench/plugins/fr.ac6.mcu.externaltools.arm-none.linux64_1.17.0.201812190825/tools/compiler/bin/../lib/gcc/arm-none-eabi/7.3.1/../../../../arm-none-eabi/lib/thumb/v7e-m/fpv4-sp/hard/libc_nano.a(lib_a-impure.o)
                0x0000000008003b60                _global_impure_ptr
 .rodata.__sf_fake_stderr
                0x0000000008003b64       0x20 /home/david/Ac6/SystemWorkbench/plugins/fr.ac6.mcu.externaltools.arm-none.linux64_1.17.0.201812190825/tools/compiler/bin/../lib/gcc/arm-none-eabi/7.3.1/../../../../arm-none-eabi/lib/thumb/v7e-m/fpv4-sp/hard/libc_nano.a(lib_a-findfp.o)
                0x0000000008003b64                __sf_fake_stderr
 .rodata.__sf_fake_stdin
                0x0000000008003b84       0x20 /home/david/Ac6/SystemWorkbench/plugins/fr.ac6.mcu.externaltools.arm-none.linux64_1.17.0.201812190825/tools/compiler/bin/../lib/gcc/arm-none-eabi/7.3.1/../../../../arm-none-eabi/lib/thumb/v7e-m/fpv4-sp/hard/libc_nano.a(lib_a-findfp.o)
                0x0000000008003b84                __sf_fake_stdin
 .rodata.__sf_fake_stdout
                0x0000000008003ba4       0x20 /home/david/Ac6/SystemWorkbench/plugins/fr.ac6.mcu.externaltools.arm-none.linux64_1.17.0.201812190825/tools/compiler/bin/../lib/gcc/arm-none-eabi/7.3.1/../../../../arm-none-eabi/lib/thumb/v7e-m/fpv4-sp/hard/libc_nano.a(lib_a-findfp.o)
                0x0000000008003ba4                __sf_fake_stdout
 .rodata._vfprintf_r.str1.1
                0x0000000008003bc4       0x11 /home/david/Ac6/SystemWorkbench/plugins/fr.ac6.mcu.externaltools.arm-none.linux64_1.17.0.201812190825/tools/compiler/bin/../lib/gcc/arm-none-eabi/7.3.1/../../../../arm-none-eabi/lib/thumb/v7e-m/fpv4-sp/hard/libc_nano.a(lib_a-nano-vfprintf.o)
 .rodata._printf_i.str1.1
                0x0000000008003bd5       0x22 /home/david/Ac6/SystemWorkbench/plugins/fr.ac6.mcu.externaltools.arm-none.linux64_1.17.0.201812190825/tools/compiler/bin/../lib/gcc/arm-none-eabi/7.3.1/../../../../arm-none-eabi/lib/thumb/v7e-m/fpv4-sp/hard/libc_nano.a(lib_a-nano-vfprintf_i.o)
                0x0000000008003bf8                . = ALIGN (0x4)
 *fill*         0x0000000008003bf7        0x1 

.ARM.extab
 *(.ARM.extab* .gnu.linkonce.armextab.*)

.ARM            0x0000000008003bf8        0x8
                0x0000000008003bf8                __exidx_start = .
 *(.ARM.exidx*)
 .ARM.exidx     0x0000000008003bf8        0x8 /home/david/Ac6/SystemWorkbench/plugins/fr.ac6.mcu.externaltools.arm-none.linux64_1.17.0.201812190825/tools/compiler/bin/../lib/gcc/arm-none-eabi/7.3.1/thumb/v7e-m/fpv4-sp/hard/libgcc.a(_udivmoddi4.o)
                0x0000000008003c00                __exidx_end = .

.rel.dyn        0x0000000008003c00        0x0
 .rel.iplt      0x0000000008003c00        0x0 /home/david/Ac6/SystemWorkbench/plugins/fr.ac6.mcu.externaltools.arm-none.linux64_1.17.0.201812190825/tools/compiler/bin/../lib/gcc/arm-none-eabi/7.3.1/thumb/v7e-m/fpv4-sp/hard/crtbegin.o

.preinit_array  0x0000000008003c00        0x0
                0x0000000008003c00                PROVIDE (__preinit_array_start = .)
 *(.preinit_array*)
                0x0000000008003c00                PROVIDE (__preinit_array_end = .)

.init_array     0x0000000008003c00        0x4
                0x0000000008003c00                PROVIDE (__init_array_start = .)
 *(SORT_BY_NAME(.init_array.*))
 *(.init_array*)
 .init_array    0x0000000008003c00        0x4 /home/david/Ac6/SystemWorkbench/plugins/fr.ac6.mcu.externaltools.arm-none.linux64_1.17.0.201812190825/tools/compiler/bin/../lib/gcc/arm-none-eabi/7.3.1/thumb/v7e-m/fpv4-sp/hard/crtbegin.o
                0x0000000008003c04                PROVIDE (__init_array_end = .)

.fini_array     0x0000000008003c04        0x4
                [!provide]                        PROVIDE (__fini_array_start = .)
 *(SORT_BY_NAME(.fini_array.*))
 *(.fini_array*)
 .fini_array    0x0000000008003c04        0x4 /home/david/Ac6/SystemWorkbench/plugins/fr.ac6.mcu.externaltools.arm-none.linux64_1.17.0.201812190825/tools/compiler/bin/../lib/gcc/arm-none-eabi/7.3.1/thumb/v7e-m/fpv4-sp/hard/crtbegin.o
                [!provide]                        PROVIDE (__fini_array_end = .)
                0x0000000008003c08                _sidata = LOADADDR (.data)

.data           0x0000000020000000       0x70 load address 0x0000000008003c08
                0x0000000020000000                . = ALIGN (0x4)
                0x0000000020000000                _sdata = .
 *(.data)
 .data          0x0000000020000000        0x8 Drivers/STM32F4xx_HAL_Driver/Src/stm32f4xx_hal.o
                0x0000000020000000                uwTickFreq
                0x0000000020000004                uwTickPrio
 .data          0x0000000020000008        0x4 Src/system_stm32f4xx.o
                0x0000000020000008                SystemCoreClock
 *(.data*)
 .data._impure_ptr
                0x000000002000000c        0x4 /home/david/Ac6/SystemWorkbench/plugins/fr.ac6.mcu.externaltools.arm-none.linux64_1.17.0.201812190825/tools/compiler/bin/../lib/gcc/arm-none-eabi/7.3.1/../../../../arm-none-eabi/lib/thumb/v7e-m/fpv4-sp/hard/libc_nano.a(lib_a-impure.o)
                0x000000002000000c                _impure_ptr
 .data.impure_data
                0x0000000020000010       0x60 /home/david/Ac6/SystemWorkbench/plugins/fr.ac6.mcu.externaltools.arm-none.linux64_1.17.0.201812190825/tools/compiler/bin/../lib/gcc/arm-none-eabi/7.3.1/../../../../arm-none-eabi/lib/thumb/v7e-m/fpv4-sp/hard/libc_nano.a(lib_a-impure.o)
                0x0000000020000070                . = ALIGN (0x4)
                0x0000000020000070                _edata = .

.igot.plt       0x0000000020000070        0x0 load address 0x0000000008003c78
 .igot.plt      0x0000000020000070        0x0 /home/david/Ac6/SystemWorkbench/plugins/fr.ac6.mcu.externaltools.arm-none.linux64_1.17.0.201812190825/tools/compiler/bin/../lib/gcc/arm-none-eabi/7.3.1/thumb/v7e-m/fpv4-sp/hard/crtbegin.o
                0x0000000020000070                . = ALIGN (0x4)

.bss            0x0000000020000070      0x284 load address 0x0000000008003c78
                0x0000000020000070                _sbss = .
                0x0000000020000070                __bss_start__ = _sbss
 *(.bss)
 .bss           0x0000000020000070       0x1c /home/david/Ac6/SystemWorkbench/plugins/fr.ac6.mcu.externaltools.arm-none.linux64_1.17.0.201812190825/tools/compiler/bin/../lib/gcc/arm-none-eabi/7.3.1/thumb/v7e-m/fpv4-sp/hard/crtbegin.o
 .bss           0x000000002000008c      0x12c Middlewares/Third_Party/FreeRTOS/Source/tasks.o
                0x000000002000018c                pxCurrentTCB
 .bss           0x00000000200001b8        0x8 Src/syscalls.o
                0x00000000200001bc                __env
 *(.bss*)
 .bss.__malloc_free_list
                0x00000000200001c0        0x4 /home/david/Ac6/SystemWorkbench/plugins/fr.ac6.mcu.externaltools.arm-none.linux64_1.17.0.201812190825/tools/compiler/bin/../lib/gcc/arm-none-eabi/7.3.1/../../../../arm-none-eabi/lib/thumb/v7e-m/fpv4-sp/hard/libc_nano.a(lib_a-nano-mallocr.o)
                0x00000000200001c0                __malloc_free_list
 .bss.__malloc_sbrk_start
                0x00000000200001c4        0x4 /home/david/Ac6/SystemWorkbench/plugins/fr.ac6.mcu.externaltools.arm-none.linux64_1.17.0.201812190825/tools/compiler/bin/../lib/gcc/arm-none-eabi/7.3.1/../../../../arm-none-eabi/lib/thumb/v7e-m/fpv4-sp/hard/libc_nano.a(lib_a-nano-mallocr.o)
                0x00000000200001c4                __malloc_sbrk_start
 *(COMMON)
 COMMON         0x00000000200001c8        0x4 Drivers/STM32F4xx_HAL_Driver/Src/stm32f4xx_hal.o
                0x00000000200001c8                uwTick
 COMMON         0x00000000200001cc       0xdc Src/main.o
                0x00000000200001cc                defaultTaskHandle
                0x00000000200001d0                huart3
                0x0000000020000210                hspi1
                0x0000000020000268                huart2
 COMMON         0x00000000200002a8        0x8 Src/rf_driver.o
                0x00000000200002a8                H
 COMMON         0x00000000200002b0       0x40 Src/stm32f4xx_hal_timebase_tim.o
                0x00000000200002b0                htim1
 COMMON         0x00000000200002f0        0x4 /home/david/Ac6/SystemWorkbench/plugins/fr.ac6.mcu.externaltools.arm-none.linux64_1.17.0.201812190825/tools/compiler/bin/../lib/gcc/arm-none-eabi/7.3.1/../../../../arm-none-eabi/lib/thumb/v7e-m/fpv4-sp/hard/libc_nano.a(lib_a-reent.o)
                0x00000000200002f0                errno
                0x00000000200002f4                . = ALIGN (0x4)
                0x00000000200002f4                _ebss = .
                0x00000000200002f4                __bss_end__ = _ebss

._user_heap_stack
                0x00000000200002f4      0x604 load address 0x0000000008003c78
                0x00000000200002f8                . = ALIGN (0x8)
 *fill*         0x00000000200002f4        0x4 
                0x00000000200002f8                PROVIDE (end = .)
                [!provide]                        PROVIDE (_end = .)
                0x00000000200004f8                . = (. + _Min_Heap_Size)
 *fill*         0x00000000200002f8      0x200 
                0x00000000200008f8                . = (. + _Min_Stack_Size)
 *fill*         0x00000000200004f8      0x400 
                0x00000000200008f8                . = ALIGN (0x8)

/DISCARD/
 libc.a(*)
 libm.a(*)
 libgcc.a(*)

.ARM.attributes
                0x0000000000000000       0x30
 *(.ARM.attributes)
 .ARM.attributes
                0x0000000000000000       0x22 /home/david/Ac6/SystemWorkbench/plugins/fr.ac6.mcu.externaltools.arm-none.linux64_1.17.0.201812190825/tools/compiler/bin/../lib/gcc/arm-none-eabi/7.3.1/thumb/v7e-m/fpv4-sp/hard/crti.o
 .ARM.attributes
                0x0000000000000022       0x34 /home/david/Ac6/SystemWorkbench/plugins/fr.ac6.mcu.externaltools.arm-none.linux64_1.17.0.201812190825/tools/compiler/bin/../lib/gcc/arm-none-eabi/7.3.1/thumb/v7e-m/fpv4-sp/hard/crtbegin.o
 .ARM.attributes
                0x0000000000000056       0x39 Drivers/STM32F4xx_HAL_Driver/Src/stm32f4xx_hal.o
 .ARM.attributes
                0x000000000000008f       0x39 Drivers/STM32F4xx_HAL_Driver/Src/stm32f4xx_hal_cortex.o
 .ARM.attributes
                0x00000000000000c8       0x39 Drivers/STM32F4xx_HAL_Driver/Src/stm32f4xx_hal_gpio.o
 .ARM.attributes
                0x0000000000000101       0x39 Drivers/STM32F4xx_HAL_Driver/Src/stm32f4xx_hal_rcc.o
 .ARM.attributes
                0x000000000000013a       0x39 Drivers/STM32F4xx_HAL_Driver/Src/stm32f4xx_hal_rcc_ex.o
 .ARM.attributes
                0x0000000000000173       0x39 Drivers/STM32F4xx_HAL_Driver/Src/stm32f4xx_hal_spi.o
 .ARM.attributes
                0x00000000000001ac       0x39 Drivers/STM32F4xx_HAL_Driver/Src/stm32f4xx_hal_tim.o
 .ARM.attributes
                0x00000000000001e5       0x39 Drivers/STM32F4xx_HAL_Driver/Src/stm32f4xx_hal_tim_ex.o
 .ARM.attributes
                0x000000000000021e       0x39 Drivers/STM32F4xx_HAL_Driver/Src/stm32f4xx_hal_uart.o
 .ARM.attributes
                0x0000000000000257       0x39 Middlewares/Third_Party/FreeRTOS/Source/list.o
 .ARM.attributes
                0x0000000000000290       0x39 Middlewares/Third_Party/FreeRTOS/Source/tasks.o
 .ARM.attributes
                0x00000000000002c9       0x39 Middlewares/Third_Party/FreeRTOS/Source/portable/GCC/ARM_CM4F/port.o
 .ARM.attributes
                0x0000000000000302       0x39 Src/main.o
 .ARM.attributes
                0x000000000000033b       0x39 Src/rf_driver.o
 .ARM.attributes
                0x0000000000000374       0x39 Src/stm32f4xx_hal_msp.o
 .ARM.attributes
                0x00000000000003ad       0x39 Src/stm32f4xx_hal_timebase_tim.o
 .ARM.attributes
                0x00000000000003e6       0x39 Src/stm32f4xx_it.o
 .ARM.attributes
                0x000000000000041f       0x39 Src/syscalls.o
 .ARM.attributes
                0x0000000000000458       0x39 Src/system_stm32f4xx.o
 .ARM.attributes
                0x0000000000000491       0x21 startup/startup_stm32f446xx.o
 .ARM.attributes
                0x00000000000004b2       0x22 /home/david/Ac6/SystemWorkbench/plugins/fr.ac6.mcu.externaltools.arm-none.linux64_1.17.0.201812190825/tools/compiler/bin/../lib/gcc/arm-none-eabi/7.3.1/thumb/v7e-m/fpv4-sp/hard/libgcc.a(_aeabi_uldivmod.o)
 .ARM.attributes
                0x00000000000004d4       0x34 /home/david/Ac6/SystemWorkbench/plugins/fr.ac6.mcu.externaltools.arm-none.linux64_1.17.0.201812190825/tools/compiler/bin/../lib/gcc/arm-none-eabi/7.3.1/thumb/v7e-m/fpv4-sp/hard/libgcc.a(_udivmoddi4.o)
 .ARM.attributes
                0x0000000000000508       0x22 /home/david/Ac6/SystemWorkbench/plugins/fr.ac6.mcu.externaltools.arm-none.linux64_1.17.0.201812190825/tools/compiler/bin/../lib/gcc/arm-none-eabi/7.3.1/thumb/v7e-m/fpv4-sp/hard/libgcc.a(_dvmd_tls.o)
 .ARM.attributes
                0x000000000000052a       0x34 /home/david/Ac6/SystemWorkbench/plugins/fr.ac6.mcu.externaltools.arm-none.linux64_1.17.0.201812190825/tools/compiler/bin/../lib/gcc/arm-none-eabi/7.3.1/../../../../arm-none-eabi/lib/thumb/v7e-m/fpv4-sp/hard/libc_nano.a(lib_a-errno.o)
 .ARM.attributes
                0x000000000000055e       0x34 /home/david/Ac6/SystemWorkbench/plugins/fr.ac6.mcu.externaltools.arm-none.linux64_1.17.0.201812190825/tools/compiler/bin/../lib/gcc/arm-none-eabi/7.3.1/../../../../arm-none-eabi/lib/thumb/v7e-m/fpv4-sp/hard/libc_nano.a(lib_a-impure.o)
 .ARM.attributes
                0x0000000000000592       0x34 /home/david/Ac6/SystemWorkbench/plugins/fr.ac6.mcu.externaltools.arm-none.linux64_1.17.0.201812190825/tools/compiler/bin/../lib/gcc/arm-none-eabi/7.3.1/../../../../arm-none-eabi/lib/thumb/v7e-m/fpv4-sp/hard/libc_nano.a(lib_a-init.o)
 .ARM.attributes
                0x00000000000005c6       0x34 /home/david/Ac6/SystemWorkbench/plugins/fr.ac6.mcu.externaltools.arm-none.linux64_1.17.0.201812190825/tools/compiler/bin/../lib/gcc/arm-none-eabi/7.3.1/../../../../arm-none-eabi/lib/thumb/v7e-m/fpv4-sp/hard/libc_nano.a(lib_a-memset.o)
 .ARM.attributes
                0x00000000000005fa       0x34 /home/david/Ac6/SystemWorkbench/plugins/fr.ac6.mcu.externaltools.arm-none.linux64_1.17.0.201812190825/tools/compiler/bin/../lib/gcc/arm-none-eabi/7.3.1/../../../../arm-none-eabi/lib/thumb/v7e-m/fpv4-sp/hard/libc_nano.a(lib_a-printf.o)
 .ARM.attributes
                0x000000000000062e       0x34 /home/david/Ac6/SystemWorkbench/plugins/fr.ac6.mcu.externaltools.arm-none.linux64_1.17.0.201812190825/tools/compiler/bin/../lib/gcc/arm-none-eabi/7.3.1/../../../../arm-none-eabi/lib/thumb/v7e-m/fpv4-sp/hard/libc_nano.a(lib_a-findfp.o)
 .ARM.attributes
                0x0000000000000662       0x34 /home/david/Ac6/SystemWorkbench/plugins/fr.ac6.mcu.externaltools.arm-none.linux64_1.17.0.201812190825/tools/compiler/bin/../lib/gcc/arm-none-eabi/7.3.1/../../../../arm-none-eabi/lib/thumb/v7e-m/fpv4-sp/hard/libc_nano.a(lib_a-fwalk.o)
 .ARM.attributes
                0x0000000000000696       0x34 /home/david/Ac6/SystemWorkbench/plugins/fr.ac6.mcu.externaltools.arm-none.linux64_1.17.0.201812190825/tools/compiler/bin/../lib/gcc/arm-none-eabi/7.3.1/../../../../arm-none-eabi/lib/thumb/v7e-m/fpv4-sp/hard/libc_nano.a(lib_a-nano-mallocr.o)
 .ARM.attributes
                0x00000000000006ca       0x34 /home/david/Ac6/SystemWorkbench/plugins/fr.ac6.mcu.externaltools.arm-none.linux64_1.17.0.201812190825/tools/compiler/bin/../lib/gcc/arm-none-eabi/7.3.1/../../../../arm-none-eabi/lib/thumb/v7e-m/fpv4-sp/hard/libc_nano.a(lib_a-nano-vfprintf.o)
 .ARM.attributes
                0x00000000000006fe       0x34 /home/david/Ac6/SystemWorkbench/plugins/fr.ac6.mcu.externaltools.arm-none.linux64_1.17.0.201812190825/tools/compiler/bin/../lib/gcc/arm-none-eabi/7.3.1/../../../../arm-none-eabi/lib/thumb/v7e-m/fpv4-sp/hard/libc_nano.a(lib_a-nano-vfprintf_i.o)
 .ARM.attributes
                0x0000000000000732       0x34 /home/david/Ac6/SystemWorkbench/plugins/fr.ac6.mcu.externaltools.arm-none.linux64_1.17.0.201812190825/tools/compiler/bin/../lib/gcc/arm-none-eabi/7.3.1/../../../../arm-none-eabi/lib/thumb/v7e-m/fpv4-sp/hard/libc_nano.a(lib_a-sbrkr.o)
 .ARM.attributes
                0x0000000000000766       0x34 /home/david/Ac6/SystemWorkbench/plugins/fr.ac6.mcu.externaltools.arm-none.linux64_1.17.0.201812190825/tools/compiler/bin/../lib/gcc/arm-none-eabi/7.3.1/../../../../arm-none-eabi/lib/thumb/v7e-m/fpv4-sp/hard/libc_nano.a(lib_a-stdio.o)
 .ARM.attributes
                0x000000000000079a       0x34 /home/david/Ac6/SystemWorkbench/plugins/fr.ac6.mcu.externaltools.arm-none.linux64_1.17.0.201812190825/tools/compiler/bin/../lib/gcc/arm-none-eabi/7.3.1/../../../../arm-none-eabi/lib/thumb/v7e-m/fpv4-sp/hard/libc_nano.a(lib_a-wbuf.o)
 .ARM.attributes
                0x00000000000007ce       0x34 /home/david/Ac6/SystemWorkbench/plugins/fr.ac6.mcu.externaltools.arm-none.linux64_1.17.0.201812190825/tools/compiler/bin/../lib/gcc/arm-none-eabi/7.3.1/../../../../arm-none-eabi/lib/thumb/v7e-m/fpv4-sp/hard/libc_nano.a(lib_a-writer.o)
 .ARM.attributes
                0x0000000000000802       0x34 /home/david/Ac6/SystemWorkbench/plugins/fr.ac6.mcu.externaltools.arm-none.linux64_1.17.0.201812190825/tools/compiler/bin/../lib/gcc/arm-none-eabi/7.3.1/../../../../arm-none-eabi/lib/thumb/v7e-m/fpv4-sp/hard/libc_nano.a(lib_a-wsetup.o)
 .ARM.attributes
                0x0000000000000836       0x34 /home/david/Ac6/SystemWorkbench/plugins/fr.ac6.mcu.externaltools.arm-none.linux64_1.17.0.201812190825/tools/compiler/bin/../lib/gcc/arm-none-eabi/7.3.1/../../../../arm-none-eabi/lib/thumb/v7e-m/fpv4-sp/hard/libc_nano.a(lib_a-closer.o)
 .ARM.attributes
                0x000000000000086a       0x34 /home/david/Ac6/SystemWorkbench/plugins/fr.ac6.mcu.externaltools.arm-none.linux64_1.17.0.201812190825/tools/compiler/bin/../lib/gcc/arm-none-eabi/7.3.1/../../../../arm-none-eabi/lib/thumb/v7e-m/fpv4-sp/hard/libc_nano.a(lib_a-fflush.o)
 .ARM.attributes
                0x000000000000089e       0x34 /home/david/Ac6/SystemWorkbench/plugins/fr.ac6.mcu.externaltools.arm-none.linux64_1.17.0.201812190825/tools/compiler/bin/../lib/gcc/arm-none-eabi/7.3.1/../../../../arm-none-eabi/lib/thumb/v7e-m/fpv4-sp/hard/libc_nano.a(lib_a-lseekr.o)
 .ARM.attributes
                0x00000000000008d2       0x34 /home/david/Ac6/SystemWorkbench/plugins/fr.ac6.mcu.externaltools.arm-none.linux64_1.17.0.201812190825/tools/compiler/bin/../lib/gcc/arm-none-eabi/7.3.1/../../../../arm-none-eabi/lib/thumb/v7e-m/fpv4-sp/hard/libc_nano.a(lib_a-makebuf.o)
 .ARM.attributes
                0x0000000000000906       0x20 /home/david/Ac6/SystemWorkbench/plugins/fr.ac6.mcu.externaltools.arm-none.linux64_1.17.0.201812190825/tools/compiler/bin/../lib/gcc/arm-none-eabi/7.3.1/../../../../arm-none-eabi/lib/thumb/v7e-m/fpv4-sp/hard/libc_nano.a(lib_a-memchr.o)
 .ARM.attributes
                0x0000000000000926       0x34 /home/david/Ac6/SystemWorkbench/plugins/fr.ac6.mcu.externaltools.arm-none.linux64_1.17.0.201812190825/tools/compiler/bin/../lib/gcc/arm-none-eabi/7.3.1/../../../../arm-none-eabi/lib/thumb/v7e-m/fpv4-sp/hard/libc_nano.a(lib_a-mlock.o)
 .ARM.attributes
                0x000000000000095a       0x34 /home/david/Ac6/SystemWorkbench/plugins/fr.ac6.mcu.externaltools.arm-none.linux64_1.17.0.201812190825/tools/compiler/bin/../lib/gcc/arm-none-eabi/7.3.1/../../../../arm-none-eabi/lib/thumb/v7e-m/fpv4-sp/hard/libc_nano.a(lib_a-nano-freer.o)
 .ARM.attributes
                0x000000000000098e       0x34 /home/david/Ac6/SystemWorkbench/plugins/fr.ac6.mcu.externaltools.arm-none.linux64_1.17.0.201812190825/tools/compiler/bin/../lib/gcc/arm-none-eabi/7.3.1/../../../../arm-none-eabi/lib/thumb/v7e-m/fpv4-sp/hard/libc_nano.a(lib_a-readr.o)
 .ARM.attributes
                0x00000000000009c2       0x34 /home/david/Ac6/SystemWorkbench/plugins/fr.ac6.mcu.externaltools.arm-none.linux64_1.17.0.201812190825/tools/compiler/bin/../lib/gcc/arm-none-eabi/7.3.1/../../../../arm-none-eabi/lib/thumb/v7e-m/fpv4-sp/hard/libc_nano.a(lib_a-reent.o)
 .ARM.attributes
                0x00000000000009f6       0x34 /home/david/Ac6/SystemWorkbench/plugins/fr.ac6.mcu.externaltools.arm-none.linux64_1.17.0.201812190825/tools/compiler/bin/../lib/gcc/arm-none-eabi/7.3.1/../../../../arm-none-eabi/lib/thumb/v7e-m/fpv4-sp/hard/libc_nano.a(lib_a-fstatr.o)
 .ARM.attributes
                0x0000000000000a2a       0x34 /home/david/Ac6/SystemWorkbench/plugins/fr.ac6.mcu.externaltools.arm-none.linux64_1.17.0.201812190825/tools/compiler/bin/../lib/gcc/arm-none-eabi/7.3.1/../../../../arm-none-eabi/lib/thumb/v7e-m/fpv4-sp/hard/libc_nano.a(lib_a-isattyr.o)
 .ARM.attributes
                0x0000000000000a5e       0x22 /home/david/Ac6/SystemWorkbench/plugins/fr.ac6.mcu.externaltools.arm-none.linux64_1.17.0.201812190825/tools/compiler/bin/../lib/gcc/arm-none-eabi/7.3.1/thumb/v7e-m/fpv4-sp/hard/crtn.o
OUTPUT(RF_driver.elf elf32-littlearm)

.debug_info     0x0000000000000000    0x15faa
 .debug_info    0x0000000000000000      0xa1e Drivers/STM32F4xx_HAL_Driver/Src/stm32f4xx_hal.o
 .debug_info    0x0000000000000a1e      0xf58 Drivers/STM32F4xx_HAL_Driver/Src/stm32f4xx_hal_cortex.o
 .debug_info    0x0000000000001976      0x7be Drivers/STM32F4xx_HAL_Driver/Src/stm32f4xx_hal_gpio.o
 .debug_info    0x0000000000002134      0xa79 Drivers/STM32F4xx_HAL_Driver/Src/stm32f4xx_hal_rcc.o
 .debug_info    0x0000000000002bad      0xbe8 Drivers/STM32F4xx_HAL_Driver/Src/stm32f4xx_hal_rcc_ex.o
 .debug_info    0x0000000000003795     0x1b39 Drivers/STM32F4xx_HAL_Driver/Src/stm32f4xx_hal_spi.o
 .debug_info    0x00000000000052ce     0x3188 Drivers/STM32F4xx_HAL_Driver/Src/stm32f4xx_hal_tim.o
 .debug_info    0x0000000000008456     0x1497 Drivers/STM32F4xx_HAL_Driver/Src/stm32f4xx_hal_tim_ex.o
 .debug_info    0x00000000000098ed     0x1730 Drivers/STM32F4xx_HAL_Driver/Src/stm32f4xx_hal_uart.o
 .debug_info    0x000000000000b01d      0xad2 Middlewares/Third_Party/FreeRTOS/Source/list.o
 .debug_info    0x000000000000baef     0x2a18 Middlewares/Third_Party/FreeRTOS/Source/tasks.o
 .debug_info    0x000000000000e507      0x56f Middlewares/Third_Party/FreeRTOS/Source/portable/GCC/ARM_CM4F/port.o
 .debug_info    0x000000000000ea76     0x1e18 Src/main.o
 .debug_info    0x000000000001088e     0x1f9d Src/rf_driver.o
 .debug_info    0x000000000001282b      0xfc9 Src/stm32f4xx_hal_msp.o
 .debug_info    0x00000000000137f4      0xbff Src/stm32f4xx_hal_timebase_tim.o
 .debug_info    0x00000000000143f3      0x687 Src/stm32f4xx_it.o
 .debug_info    0x0000000000014a7a      0xfd3 Src/syscalls.o
 .debug_info    0x0000000000015a4d      0x53b Src/system_stm32f4xx.o
 .debug_info    0x0000000000015f88       0x22 startup/startup_stm32f446xx.o

.debug_abbrev   0x0000000000000000     0x2c6a
 .debug_abbrev  0x0000000000000000      0x1f1 Drivers/STM32F4xx_HAL_Driver/Src/stm32f4xx_hal.o
 .debug_abbrev  0x00000000000001f1      0x328 Drivers/STM32F4xx_HAL_Driver/Src/stm32f4xx_hal_cortex.o
 .debug_abbrev  0x0000000000000519      0x1e7 Drivers/STM32F4xx_HAL_Driver/Src/stm32f4xx_hal_gpio.o
 .debug_abbrev  0x0000000000000700      0x273 Drivers/STM32F4xx_HAL_Driver/Src/stm32f4xx_hal_rcc.o
 .debug_abbrev  0x0000000000000973      0x229 Drivers/STM32F4xx_HAL_Driver/Src/stm32f4xx_hal_rcc_ex.o
 .debug_abbrev  0x0000000000000b9c      0x249 Drivers/STM32F4xx_HAL_Driver/Src/stm32f4xx_hal_spi.o
 .debug_abbrev  0x0000000000000de5      0x226 Drivers/STM32F4xx_HAL_Driver/Src/stm32f4xx_hal_tim.o
 .debug_abbrev  0x000000000000100b      0x237 Drivers/STM32F4xx_HAL_Driver/Src/stm32f4xx_hal_tim_ex.o
 .debug_abbrev  0x0000000000001242      0x270 Drivers/STM32F4xx_HAL_Driver/Src/stm32f4xx_hal_uart.o
 .debug_abbrev  0x00000000000014b2      0x223 Middlewares/Third_Party/FreeRTOS/Source/list.o
 .debug_abbrev  0x00000000000016d5      0x3b1 Middlewares/Third_Party/FreeRTOS/Source/tasks.o
 .debug_abbrev  0x0000000000001a86      0x23d Middlewares/Third_Party/FreeRTOS/Source/portable/GCC/ARM_CM4F/port.o
 .debug_abbrev  0x0000000000001cc3      0x342 Src/main.o
 .debug_abbrev  0x0000000000002005      0x34c Src/rf_driver.o
 .debug_abbrev  0x0000000000002351      0x1ba Src/stm32f4xx_hal_msp.o
 .debug_abbrev  0x000000000000250b      0x1f0 Src/stm32f4xx_hal_timebase_tim.o
 .debug_abbrev  0x00000000000026fb      0x178 Src/stm32f4xx_it.o
 .debug_abbrev  0x0000000000002873      0x2d4 Src/syscalls.o
 .debug_abbrev  0x0000000000002b47      0x111 Src/system_stm32f4xx.o
 .debug_abbrev  0x0000000000002c58       0x12 startup/startup_stm32f446xx.o

.debug_loc      0x0000000000000000     0xb6ab
 .debug_loc     0x0000000000000000       0xfd Drivers/STM32F4xx_HAL_Driver/Src/stm32f4xx_hal.o
 .debug_loc     0x00000000000000fd      0x5ce Drivers/STM32F4xx_HAL_Driver/Src/stm32f4xx_hal_cortex.o
 .debug_loc     0x00000000000006cb      0x497 Drivers/STM32F4xx_HAL_Driver/Src/stm32f4xx_hal_gpio.o
 .debug_loc     0x0000000000000b62      0x3f1 Drivers/STM32F4xx_HAL_Driver/Src/stm32f4xx_hal_rcc.o
 .debug_loc     0x0000000000000f53      0xb5e Drivers/STM32F4xx_HAL_Driver/Src/stm32f4xx_hal_rcc_ex.o
 .debug_loc     0x0000000000001ab1     0x1969 Drivers/STM32F4xx_HAL_Driver/Src/stm32f4xx_hal_spi.o
 .debug_loc     0x000000000000341a     0x3888 Drivers/STM32F4xx_HAL_Driver/Src/stm32f4xx_hal_tim.o
 .debug_loc     0x0000000000006ca2     0x11b6 Drivers/STM32F4xx_HAL_Driver/Src/stm32f4xx_hal_tim_ex.o
 .debug_loc     0x0000000000007e58     0x154f Drivers/STM32F4xx_HAL_Driver/Src/stm32f4xx_hal_uart.o
 .debug_loc     0x00000000000093a7       0x70 Middlewares/Third_Party/FreeRTOS/Source/list.o
 .debug_loc     0x0000000000009417     0x14a1 Middlewares/Third_Party/FreeRTOS/Source/tasks.o
 .debug_loc     0x000000000000a8b8       0xdc Middlewares/Third_Party/FreeRTOS/Source/portable/GCC/ARM_CM4F/port.o
 .debug_loc     0x000000000000a994       0x6e Src/main.o
 .debug_loc     0x000000000000aa02      0x638 Src/rf_driver.o
 .debug_loc     0x000000000000b03a      0x11a Src/stm32f4xx_hal_msp.o
 .debug_loc     0x000000000000b154       0x6a Src/stm32f4xx_hal_timebase_tim.o
 .debug_loc     0x000000000000b1be      0x3af Src/syscalls.o
 .debug_loc     0x000000000000b56d      0x13e Src/system_stm32f4xx.o

.debug_aranges  0x0000000000000000     0x10c8
 .debug_aranges
                0x0000000000000000       0xf0 Drivers/STM32F4xx_HAL_Driver/Src/stm32f4xx_hal.o
 .debug_aranges
                0x00000000000000f0       0xa8 Drivers/STM32F4xx_HAL_Driver/Src/stm32f4xx_hal_cortex.o
 .debug_aranges
                0x0000000000000198       0x58 Drivers/STM32F4xx_HAL_Driver/Src/stm32f4xx_hal_gpio.o
 .debug_aranges
                0x00000000000001f0       0x88 Drivers/STM32F4xx_HAL_Driver/Src/stm32f4xx_hal_rcc.o
 .debug_aranges
                0x0000000000000278       0x78 Drivers/STM32F4xx_HAL_Driver/Src/stm32f4xx_hal_rcc_ex.o
 .debug_aranges
                0x00000000000002f0      0x1d0 Drivers/STM32F4xx_HAL_Driver/Src/stm32f4xx_hal_spi.o
 .debug_aranges
                0x00000000000004c0      0x3a8 Drivers/STM32F4xx_HAL_Driver/Src/stm32f4xx_hal_tim.o
 .debug_aranges
                0x0000000000000868      0x150 Drivers/STM32F4xx_HAL_Driver/Src/stm32f4xx_hal_tim_ex.o
 .debug_aranges
                0x00000000000009b8      0x1d0 Drivers/STM32F4xx_HAL_Driver/Src/stm32f4xx_hal_uart.o
 .debug_aranges
                0x0000000000000b88       0x40 Middlewares/Third_Party/FreeRTOS/Source/list.o
 .debug_aranges
                0x0000000000000bc8      0x1a0 Middlewares/Third_Party/FreeRTOS/Source/tasks.o
 .debug_aranges
                0x0000000000000d68       0x80 Middlewares/Third_Party/FreeRTOS/Source/portable/GCC/ARM_CM4F/port.o
 .debug_aranges
                0x0000000000000de8       0x60 Src/main.o
 .debug_aranges
                0x0000000000000e48       0xc0 Src/rf_driver.o
 .debug_aranges
                0x0000000000000f08       0x40 Src/stm32f4xx_hal_msp.o
 .debug_aranges
                0x0000000000000f48       0x30 Src/stm32f4xx_hal_timebase_tim.o
 .debug_aranges
                0x0000000000000f78       0x50 Src/stm32f4xx_it.o
 .debug_aranges
                0x0000000000000fc8       0xb0 Src/syscalls.o
 .debug_aranges
                0x0000000000001078       0x28 Src/system_stm32f4xx.o
 .debug_aranges
                0x00000000000010a0       0x28 startup/startup_stm32f446xx.o

.debug_ranges   0x0000000000000000     0x1090
 .debug_ranges  0x0000000000000000       0xe0 Drivers/STM32F4xx_HAL_Driver/Src/stm32f4xx_hal.o
 .debug_ranges  0x00000000000000e0       0xf8 Drivers/STM32F4xx_HAL_Driver/Src/stm32f4xx_hal_cortex.o
 .debug_ranges  0x00000000000001d8       0x48 Drivers/STM32F4xx_HAL_Driver/Src/stm32f4xx_hal_gpio.o
 .debug_ranges  0x0000000000000220       0x90 Drivers/STM32F4xx_HAL_Driver/Src/stm32f4xx_hal_rcc.o
 .debug_ranges  0x00000000000002b0       0x80 Drivers/STM32F4xx_HAL_Driver/Src/stm32f4xx_hal_rcc_ex.o
 .debug_ranges  0x0000000000000330      0x1c0 Drivers/STM32F4xx_HAL_Driver/Src/stm32f4xx_hal_spi.o
 .debug_ranges  0x00000000000004f0      0x398 Drivers/STM32F4xx_HAL_Driver/Src/stm32f4xx_hal_tim.o
 .debug_ranges  0x0000000000000888      0x140 Drivers/STM32F4xx_HAL_Driver/Src/stm32f4xx_hal_tim_ex.o
 .debug_ranges  0x00000000000009c8      0x1c0 Drivers/STM32F4xx_HAL_Driver/Src/stm32f4xx_hal_uart.o
 .debug_ranges  0x0000000000000b88       0x30 Middlewares/Third_Party/FreeRTOS/Source/list.o
 .debug_ranges  0x0000000000000bb8      0x200 Middlewares/Third_Party/FreeRTOS/Source/tasks.o
 .debug_ranges  0x0000000000000db8       0x70 Middlewares/Third_Party/FreeRTOS/Source/portable/GCC/ARM_CM4F/port.o
 .debug_ranges  0x0000000000000e28       0x50 Src/main.o
 .debug_ranges  0x0000000000000e78       0xb0 Src/rf_driver.o
 .debug_ranges  0x0000000000000f28       0x30 Src/stm32f4xx_hal_msp.o
 .debug_ranges  0x0000000000000f58       0x20 Src/stm32f4xx_hal_timebase_tim.o
 .debug_ranges  0x0000000000000f78       0x40 Src/stm32f4xx_it.o
 .debug_ranges  0x0000000000000fb8       0xa0 Src/syscalls.o
 .debug_ranges  0x0000000000001058       0x18 Src/system_stm32f4xx.o
 .debug_ranges  0x0000000000001070       0x20 startup/startup_stm32f446xx.o

.debug_macro    0x0000000000000000    0x23240
 .debug_macro   0x0000000000000000      0x238 Drivers/STM32F4xx_HAL_Driver/Src/stm32f4xx_hal.o
 .debug_macro   0x0000000000000238      0xa60 Drivers/STM32F4xx_HAL_Driver/Src/stm32f4xx_hal.o
 .debug_macro   0x0000000000000c98      0x192 Drivers/STM32F4xx_HAL_Driver/Src/stm32f4xx_hal.o
 .debug_macro   0x0000000000000e2a       0x32 Drivers/STM32F4xx_HAL_Driver/Src/stm32f4xx_hal.o
 .debug_macro   0x0000000000000e5c       0x28 Drivers/STM32F4xx_HAL_Driver/Src/stm32f4xx_hal.o
 .debug_macro   0x0000000000000e84       0x22 Drivers/STM32F4xx_HAL_Driver/Src/stm32f4xx_hal.o
 .debug_macro   0x0000000000000ea6       0x8e Drivers/STM32F4xx_HAL_Driver/Src/stm32f4xx_hal.o
 .debug_macro   0x0000000000000f34       0x51 Drivers/STM32F4xx_HAL_Driver/Src/stm32f4xx_hal.o
 .debug_macro   0x0000000000000f85       0xef Drivers/STM32F4xx_HAL_Driver/Src/stm32f4xx_hal.o
 .debug_macro   0x0000000000001074       0x6a Drivers/STM32F4xx_HAL_Driver/Src/stm32f4xx_hal.o
 .debug_macro   0x00000000000010de      0x1df Drivers/STM32F4xx_HAL_Driver/Src/stm32f4xx_hal.o
 .debug_macro   0x00000000000012bd       0x1c Drivers/STM32F4xx_HAL_Driver/Src/stm32f4xx_hal.o
 .debug_macro   0x00000000000012d9       0x22 Drivers/STM32F4xx_HAL_Driver/Src/stm32f4xx_hal.o
 .debug_macro   0x00000000000012fb       0xdf Drivers/STM32F4xx_HAL_Driver/Src/stm32f4xx_hal.o
 .debug_macro   0x00000000000013da     0x102d Drivers/STM32F4xx_HAL_Driver/Src/stm32f4xx_hal.o
 .debug_macro   0x0000000000002407      0x11f Drivers/STM32F4xx_HAL_Driver/Src/stm32f4xx_hal.o
 .debug_macro   0x0000000000002526    0x16734 Drivers/STM32F4xx_HAL_Driver/Src/stm32f4xx_hal.o
 .debug_macro   0x0000000000018c5a       0x43 Drivers/STM32F4xx_HAL_Driver/Src/stm32f4xx_hal.o
 .debug_macro   0x0000000000018c9d     0x35d4 Drivers/STM32F4xx_HAL_Driver/Src/stm32f4xx_hal.o
 .debug_macro   0x000000000001c271      0x174 Drivers/STM32F4xx_HAL_Driver/Src/stm32f4xx_hal.o
 .debug_macro   0x000000000001c3e5       0x4e Drivers/STM32F4xx_HAL_Driver/Src/stm32f4xx_hal.o
 .debug_macro   0x000000000001c433      0xc90 Drivers/STM32F4xx_HAL_Driver/Src/stm32f4xx_hal.o
 .debug_macro   0x000000000001d0c3      0x9fe Drivers/STM32F4xx_HAL_Driver/Src/stm32f4xx_hal.o
 .debug_macro   0x000000000001dac1       0xed Drivers/STM32F4xx_HAL_Driver/Src/stm32f4xx_hal.o
 .debug_macro   0x000000000001dbae      0x117 Drivers/STM32F4xx_HAL_Driver/Src/stm32f4xx_hal.o
 .debug_macro   0x000000000001dcc5      0x1a0 Drivers/STM32F4xx_HAL_Driver/Src/stm32f4xx_hal.o
 .debug_macro   0x000000000001de65       0x27 Drivers/STM32F4xx_HAL_Driver/Src/stm32f4xx_hal.o
 .debug_macro   0x000000000001de8c      0x287 Drivers/STM32F4xx_HAL_Driver/Src/stm32f4xx_hal.o
 .debug_macro   0x000000000001e113       0x5f Drivers/STM32F4xx_HAL_Driver/Src/stm32f4xx_hal.o
 .debug_macro   0x000000000001e172      0x236 Drivers/STM32F4xx_HAL_Driver/Src/stm32f4xx_hal.o
 .debug_macro   0x000000000001e3a8      0x132 Drivers/STM32F4xx_HAL_Driver/Src/stm32f4xx_hal.o
 .debug_macro   0x000000000001e4da      0x29c Drivers/STM32F4xx_HAL_Driver/Src/stm32f4xx_hal.o
 .debug_macro   0x000000000001e776       0x2e Drivers/STM32F4xx_HAL_Driver/Src/stm32f4xx_hal.o
 .debug_macro   0x000000000001e7a4      0x11a Drivers/STM32F4xx_HAL_Driver/Src/stm32f4xx_hal.o
 .debug_macro   0x000000000001e8be       0xe8 Drivers/STM32F4xx_HAL_Driver/Src/stm32f4xx_hal.o
 .debug_macro   0x000000000001e9a6       0x89 Drivers/STM32F4xx_HAL_Driver/Src/stm32f4xx_hal.o
 .debug_macro   0x000000000001ea2f      0x225 Drivers/STM32F4xx_HAL_Driver/Src/stm32f4xx_hal.o
 .debug_macro   0x000000000001ec54      0x87d Drivers/STM32F4xx_HAL_Driver/Src/stm32f4xx_hal.o
 .debug_macro   0x000000000001f4d1       0x4d Drivers/STM32F4xx_HAL_Driver/Src/stm32f4xx_hal.o
 .debug_macro   0x000000000001f51e      0x287 Drivers/STM32F4xx_HAL_Driver/Src/stm32f4xx_hal.o
 .debug_macro   0x000000000001f7a5      0x126 Drivers/STM32F4xx_HAL_Driver/Src/stm32f4xx_hal.o
 .debug_macro   0x000000000001f8cb      0x1d8 Drivers/STM32F4xx_HAL_Driver/Src/stm32f4xx_hal_cortex.o
 .debug_macro   0x000000000001faa3      0x20e Drivers/STM32F4xx_HAL_Driver/Src/stm32f4xx_hal_gpio.o
 .debug_macro   0x000000000001fcb1      0x1fc Drivers/STM32F4xx_HAL_Driver/Src/stm32f4xx_hal_rcc.o
 .debug_macro   0x000000000001fead      0x1d8 Drivers/STM32F4xx_HAL_Driver/Src/stm32f4xx_hal_rcc_ex.o
 .debug_macro   0x0000000000020085      0x1e0 Drivers/STM32F4xx_HAL_Driver/Src/stm32f4xx_hal_spi.o
 .debug_macro   0x0000000000020265      0x1d9 Drivers/STM32F4xx_HAL_Driver/Src/stm32f4xx_hal_tim.o
 .debug_macro   0x000000000002043e      0x1d8 Drivers/STM32F4xx_HAL_Driver/Src/stm32f4xx_hal_tim_ex.o
 .debug_macro   0x0000000000020616      0x1d9 Drivers/STM32F4xx_HAL_Driver/Src/stm32f4xx_hal_uart.o
 .debug_macro   0x00000000000207ef      0x17a Middlewares/Third_Party/FreeRTOS/Source/list.o
 .debug_macro   0x0000000000020969      0x26e Middlewares/Third_Party/FreeRTOS/Source/tasks.o
 .debug_macro   0x0000000000020bd7       0x10 Middlewares/Third_Party/FreeRTOS/Source/tasks.o
 .debug_macro   0x0000000000020be7      0x196 Middlewares/Third_Party/FreeRTOS/Source/portable/GCC/ARM_CM4F/port.o
 .debug_macro   0x0000000000020d7d      0x3ff Src/main.o
 .debug_macro   0x000000000002117c       0xd6 Src/main.o
 .debug_macro   0x0000000000021252       0x16 Src/main.o
 .debug_macro   0x0000000000021268      0x32a Src/main.o
 .debug_macro   0x0000000000021592       0x10 Src/main.o
 .debug_macro   0x00000000000215a2       0x10 Src/main.o
 .debug_macro   0x00000000000215b2       0x1c Src/main.o
 .debug_macro   0x00000000000215ce       0x52 Src/main.o
 .debug_macro   0x0000000000021620       0x40 Src/main.o
 .debug_macro   0x0000000000021660       0x10 Src/main.o
 .debug_macro   0x0000000000021670       0x40 Src/main.o
 .debug_macro   0x00000000000216b0       0xd7 Src/main.o
 .debug_macro   0x0000000000021787       0x1c Src/main.o
 .debug_macro   0x00000000000217a3       0x3d Src/main.o
 .debug_macro   0x00000000000217e0       0x16 Src/main.o
 .debug_macro   0x00000000000217f6      0x16f Src/main.o
 .debug_macro   0x0000000000021965      0x288 Src/main.o
 .debug_macro   0x0000000000021bed      0x337 Src/rf_driver.o
 .debug_macro   0x0000000000021f24       0x97 Src/rf_driver.o
 .debug_macro   0x0000000000021fbb       0xfd Src/rf_driver.o
 .debug_macro   0x00000000000220b8       0xd9 Src/rf_driver.o
 .debug_macro   0x0000000000022191      0x1e7 Src/stm32f4xx_hal_msp.o
 .debug_macro   0x0000000000022378      0x1d8 Src/stm32f4xx_hal_timebase_tim.o
 .debug_macro   0x0000000000022550      0x2a4 Src/stm32f4xx_it.o
 .debug_macro   0x00000000000227f4      0x243 Src/syscalls.o
 .debug_macro   0x0000000000022a37       0x10 Src/syscalls.o
 .debug_macro   0x0000000000022a47       0x10 Src/syscalls.o
 .debug_macro   0x0000000000022a57       0x10 Src/syscalls.o
 .debug_macro   0x0000000000022a67       0x35 Src/syscalls.o
 .debug_macro   0x0000000000022a9c      0x122 Src/syscalls.o
 .debug_macro   0x0000000000022bbe       0x10 Src/syscalls.o
 .debug_macro   0x0000000000022bce      0x241 Src/syscalls.o
 .debug_macro   0x0000000000022e0f       0x1c Src/syscalls.o
 .debug_macro   0x0000000000022e2b       0x10 Src/syscalls.o
 .debug_macro   0x0000000000022e3b      0x189 Src/syscalls.o
 .debug_macro   0x0000000000022fc4       0x16 Src/syscalls.o
 .debug_macro   0x0000000000022fda       0x88 Src/syscalls.o
 .debug_macro   0x0000000000023062      0x1de Src/system_stm32f4xx.o

.debug_line     0x0000000000000000     0xcbbd
 .debug_line    0x0000000000000000      0x8f1 Drivers/STM32F4xx_HAL_Driver/Src/stm32f4xx_hal.o
 .debug_line    0x00000000000008f1      0x947 Drivers/STM32F4xx_HAL_Driver/Src/stm32f4xx_hal_cortex.o
 .debug_line    0x0000000000001238      0x873 Drivers/STM32F4xx_HAL_Driver/Src/stm32f4xx_hal_gpio.o
 .debug_line    0x0000000000001aab      0x969 Drivers/STM32F4xx_HAL_Driver/Src/stm32f4xx_hal_rcc.o
 .debug_line    0x0000000000002414      0xb2c Drivers/STM32F4xx_HAL_Driver/Src/stm32f4xx_hal_rcc_ex.o
 .debug_line    0x0000000000002f40     0x111f Drivers/STM32F4xx_HAL_Driver/Src/stm32f4xx_hal_spi.o
 .debug_line    0x000000000000405f     0x18da Drivers/STM32F4xx_HAL_Driver/Src/stm32f4xx_hal_tim.o
 .debug_line    0x0000000000005939      0xd22 Drivers/STM32F4xx_HAL_Driver/Src/stm32f4xx_hal_tim_ex.o
 .debug_line    0x000000000000665b     0x1033 Drivers/STM32F4xx_HAL_Driver/Src/stm32f4xx_hal_uart.o
 .debug_line    0x000000000000768e      0x58c Middlewares/Third_Party/FreeRTOS/Source/list.o
 .debug_line    0x0000000000007c1a      0xe98 Middlewares/Third_Party/FreeRTOS/Source/tasks.o
 .debug_line    0x0000000000008ab2      0x643 Middlewares/Third_Party/FreeRTOS/Source/portable/GCC/ARM_CM4F/port.o
 .debug_line    0x00000000000090f5      0xb13 Src/main.o
 .debug_line    0x0000000000009c08      0xa38 Src/rf_driver.o
 .debug_line    0x000000000000a640      0x780 Src/stm32f4xx_hal_msp.o
 .debug_line    0x000000000000adc0      0x720 Src/stm32f4xx_hal_timebase_tim.o
 .debug_line    0x000000000000b4e0      0x948 Src/stm32f4xx_it.o
 .debug_line    0x000000000000be28      0x5fd Src/syscalls.o
 .debug_line    0x000000000000c425      0x719 Src/system_stm32f4xx.o
 .debug_line    0x000000000000cb3e       0x7f startup/startup_stm32f446xx.o

.debug_str      0x0000000000000000    0xd8c88
 .debug_str     0x0000000000000000    0xc8bbf Drivers/STM32F4xx_HAL_Driver/Src/stm32f4xx_hal.o
                                      0xc8f75 (size before relaxing)
 .debug_str     0x00000000000c8bbf      0x398 Drivers/STM32F4xx_HAL_Driver/Src/stm32f4xx_hal_cortex.o
                                      0xc8c86 (size before relaxing)
 .debug_str     0x00000000000c8f57      0x292 Drivers/STM32F4xx_HAL_Driver/Src/stm32f4xx_hal_gpio.o
                                      0xc85ed (size before relaxing)
 .debug_str     0x00000000000c91e9      0x389 Drivers/STM32F4xx_HAL_Driver/Src/stm32f4xx_hal_rcc.o
                                      0xc87bc (size before relaxing)
 .debug_str     0x00000000000c9572      0x324 Drivers/STM32F4xx_HAL_Driver/Src/stm32f4xx_hal_rcc_ex.o
                                      0xc880b (size before relaxing)
 .debug_str     0x00000000000c9896      0x960 Drivers/STM32F4xx_HAL_Driver/Src/stm32f4xx_hal_spi.o
                                      0xc8c0d (size before relaxing)
 .debug_str     0x00000000000ca1f6      0xf2f Drivers/STM32F4xx_HAL_Driver/Src/stm32f4xx_hal_tim.o
                                      0xc94e8 (size before relaxing)
 .debug_str     0x00000000000cb125      0x4d4 Drivers/STM32F4xx_HAL_Driver/Src/stm32f4xx_hal_tim_ex.o
                                      0xc8d00 (size before relaxing)
 .debug_str     0x00000000000cb5f9      0x688 Drivers/STM32F4xx_HAL_Driver/Src/stm32f4xx_hal_uart.o
                                      0xc8c33 (size before relaxing)
 .debug_str     0x00000000000cbc81     0x616b Middlewares/Third_Party/FreeRTOS/Source/list.o
                                       0xa140 (size before relaxing)
 .debug_str     0x00000000000d1dec     0x212c Middlewares/Third_Party/FreeRTOS/Source/tasks.o
                                       0xc297 (size before relaxing)
 .debug_str     0x00000000000d3f18      0x783 Middlewares/Third_Party/FreeRTOS/Source/portable/GCC/ARM_CM4F/port.o
                                       0x8230 (size before relaxing)
 .debug_str     0x00000000000d469b     0x3200 Src/main.o
                                      0xd2c09 (size before relaxing)
 .debug_str     0x00000000000d789b      0x2bd Src/rf_driver.o
                                      0xcd116 (size before relaxing)
 .debug_str     0x00000000000d7b58       0x1b Src/stm32f4xx_hal_msp.o
                                      0xc9199 (size before relaxing)
 .debug_str     0x00000000000d7b73       0x50 Src/stm32f4xx_hal_timebase_tim.o
                                      0xc8ddc (size before relaxing)
 .debug_str     0x00000000000d7bc3       0xa6 Src/stm32f4xx_it.o
                                      0xcdfb4 (size before relaxing)
 .debug_str     0x00000000000d7c69      0xf96 Src/syscalls.o
                                       0x85db (size before relaxing)
 .debug_str     0x00000000000d8bff       0x5a Src/system_stm32f4xx.o
                                      0xc83a9 (size before relaxing)
 .debug_str     0x00000000000d8c59       0x2f startup/startup_stm32f446xx.o
                                         0x5c (size before relaxing)

.comment        0x0000000000000000       0x7f
 .comment       0x0000000000000000       0x7f Drivers/STM32F4xx_HAL_Driver/Src/stm32f4xx_hal.o
                                         0x80 (size before relaxing)
 .comment       0x000000000000007f       0x80 Drivers/STM32F4xx_HAL_Driver/Src/stm32f4xx_hal_cortex.o
 .comment       0x000000000000007f       0x80 Drivers/STM32F4xx_HAL_Driver/Src/stm32f4xx_hal_gpio.o
 .comment       0x000000000000007f       0x80 Drivers/STM32F4xx_HAL_Driver/Src/stm32f4xx_hal_rcc.o
 .comment       0x000000000000007f       0x80 Drivers/STM32F4xx_HAL_Driver/Src/stm32f4xx_hal_rcc_ex.o
 .comment       0x000000000000007f       0x80 Drivers/STM32F4xx_HAL_Driver/Src/stm32f4xx_hal_spi.o
 .comment       0x000000000000007f       0x80 Drivers/STM32F4xx_HAL_Driver/Src/stm32f4xx_hal_tim.o
 .comment       0x000000000000007f       0x80 Drivers/STM32F4xx_HAL_Driver/Src/stm32f4xx_hal_tim_ex.o
 .comment       0x000000000000007f       0x80 Drivers/STM32F4xx_HAL_Driver/Src/stm32f4xx_hal_uart.o
 .comment       0x000000000000007f       0x80 Middlewares/Third_Party/FreeRTOS/Source/list.o
 .comment       0x000000000000007f       0x80 Middlewares/Third_Party/FreeRTOS/Source/tasks.o
 .comment       0x000000000000007f       0x80 Middlewares/Third_Party/FreeRTOS/Source/portable/GCC/ARM_CM4F/port.o
 .comment       0x000000000000007f       0x80 Src/main.o
 .comment       0x000000000000007f       0x80 Src/rf_driver.o
 .comment       0x000000000000007f       0x80 Src/stm32f4xx_hal_msp.o
 .comment       0x000000000000007f       0x80 Src/stm32f4xx_hal_timebase_tim.o
 .comment       0x000000000000007f       0x80 Src/stm32f4xx_it.o
 .comment       0x000000000000007f       0x80 Src/syscalls.o
 .comment       0x000000000000007f       0x80 Src/system_stm32f4xx.o

.debug_frame    0x0000000000000000     0x3458
 .debug_frame   0x0000000000000000      0x1ec Drivers/STM32F4xx_HAL_Driver/Src/stm32f4xx_hal.o
 .debug_frame   0x00000000000001ec      0x15c Drivers/STM32F4xx_HAL_Driver/Src/stm32f4xx_hal_cortex.o
 .debug_frame   0x0000000000000348       0xd8 Drivers/STM32F4xx_HAL_Driver/Src/stm32f4xx_hal_gpio.o
 .debug_frame   0x0000000000000420      0x184 Drivers/STM32F4xx_HAL_Driver/Src/stm32f4xx_hal_rcc.o
 .debug_frame   0x00000000000005a4      0x148 Drivers/STM32F4xx_HAL_Driver/Src/stm32f4xx_hal_rcc_ex.o
 .debug_frame   0x00000000000006ec      0x590 Drivers/STM32F4xx_HAL_Driver/Src/stm32f4xx_hal_spi.o
 .debug_frame   0x0000000000000c7c      0xa7c Drivers/STM32F4xx_HAL_Driver/Src/stm32f4xx_hal_tim.o
 .debug_frame   0x00000000000016f8      0x3b8 Drivers/STM32F4xx_HAL_Driver/Src/stm32f4xx_hal_tim_ex.o
 .debug_frame   0x0000000000001ab0      0x4f0 Drivers/STM32F4xx_HAL_Driver/Src/stm32f4xx_hal_uart.o
 .debug_frame   0x0000000000001fa0       0x6c Middlewares/Third_Party/FreeRTOS/Source/list.o
 .debug_frame   0x000000000000200c      0x528 Middlewares/Third_Party/FreeRTOS/Source/tasks.o
 .debug_frame   0x0000000000002534      0x100 Middlewares/Third_Party/FreeRTOS/Source/portable/GCC/ARM_CM4F/port.o
 .debug_frame   0x0000000000002634       0xf8 Src/main.o
 .debug_frame   0x000000000000272c      0x244 Src/rf_driver.o
 .debug_frame   0x0000000000002970       0xa4 Src/stm32f4xx_hal_msp.o
 .debug_frame   0x0000000000002a14       0x50 Src/stm32f4xx_hal_timebase_tim.o
 .debug_frame   0x0000000000002a64       0x88 Src/stm32f4xx_it.o
 .debug_frame   0x0000000000002aec      0x1a8 Src/syscalls.o
 .debug_frame   0x0000000000002c94       0x30 Src/system_stm32f4xx.o
 .debug_frame   0x0000000000002cc4       0x2c /home/david/Ac6/SystemWorkbench/plugins/fr.ac6.mcu.externaltools.arm-none.linux64_1.17.0.201812190825/tools/compiler/bin/../lib/gcc/arm-none-eabi/7.3.1/thumb/v7e-m/fpv4-sp/hard/libgcc.a(_aeabi_uldivmod.o)
 .debug_frame   0x0000000000002cf0       0x34 /home/david/Ac6/SystemWorkbench/plugins/fr.ac6.mcu.externaltools.arm-none.linux64_1.17.0.201812190825/tools/compiler/bin/../lib/gcc/arm-none-eabi/7.3.1/thumb/v7e-m/fpv4-sp/hard/libgcc.a(_udivmoddi4.o)
 .debug_frame   0x0000000000002d24       0x20 /home/david/Ac6/SystemWorkbench/plugins/fr.ac6.mcu.externaltools.arm-none.linux64_1.17.0.201812190825/tools/compiler/bin/../lib/gcc/arm-none-eabi/7.3.1/../../../../arm-none-eabi/lib/thumb/v7e-m/fpv4-sp/hard/libc_nano.a(lib_a-errno.o)
 .debug_frame   0x0000000000002d44       0x2c /home/david/Ac6/SystemWorkbench/plugins/fr.ac6.mcu.externaltools.arm-none.linux64_1.17.0.201812190825/tools/compiler/bin/../lib/gcc/arm-none-eabi/7.3.1/../../../../arm-none-eabi/lib/thumb/v7e-m/fpv4-sp/hard/libc_nano.a(lib_a-init.o)
 .debug_frame   0x0000000000002d70       0x20 /home/david/Ac6/SystemWorkbench/plugins/fr.ac6.mcu.externaltools.arm-none.linux64_1.17.0.201812190825/tools/compiler/bin/../lib/gcc/arm-none-eabi/7.3.1/../../../../arm-none-eabi/lib/thumb/v7e-m/fpv4-sp/hard/libc_nano.a(lib_a-memset.o)
 .debug_frame   0x0000000000002d90       0x74 /home/david/Ac6/SystemWorkbench/plugins/fr.ac6.mcu.externaltools.arm-none.linux64_1.17.0.201812190825/tools/compiler/bin/../lib/gcc/arm-none-eabi/7.3.1/../../../../arm-none-eabi/lib/thumb/v7e-m/fpv4-sp/hard/libc_nano.a(lib_a-printf.o)
 .debug_frame   0x0000000000002e04      0x11c /home/david/Ac6/SystemWorkbench/plugins/fr.ac6.mcu.externaltools.arm-none.linux64_1.17.0.201812190825/tools/compiler/bin/../lib/gcc/arm-none-eabi/7.3.1/../../../../arm-none-eabi/lib/thumb/v7e-m/fpv4-sp/hard/libc_nano.a(lib_a-findfp.o)
 .debug_frame   0x0000000000002f20       0x54 /home/david/Ac6/SystemWorkbench/plugins/fr.ac6.mcu.externaltools.arm-none.linux64_1.17.0.201812190825/tools/compiler/bin/../lib/gcc/arm-none-eabi/7.3.1/../../../../arm-none-eabi/lib/thumb/v7e-m/fpv4-sp/hard/libc_nano.a(lib_a-fwalk.o)
 .debug_frame   0x0000000000002f74       0x2c /home/david/Ac6/SystemWorkbench/plugins/fr.ac6.mcu.externaltools.arm-none.linux64_1.17.0.201812190825/tools/compiler/bin/../lib/gcc/arm-none-eabi/7.3.1/../../../../arm-none-eabi/lib/thumb/v7e-m/fpv4-sp/hard/libc_nano.a(lib_a-nano-mallocr.o)
 .debug_frame   0x0000000000002fa0       0xac /home/david/Ac6/SystemWorkbench/plugins/fr.ac6.mcu.externaltools.arm-none.linux64_1.17.0.201812190825/tools/compiler/bin/../lib/gcc/arm-none-eabi/7.3.1/../../../../arm-none-eabi/lib/thumb/v7e-m/fpv4-sp/hard/libc_nano.a(lib_a-nano-vfprintf.o)
 .debug_frame   0x000000000000304c       0x60 /home/david/Ac6/SystemWorkbench/plugins/fr.ac6.mcu.externaltools.arm-none.linux64_1.17.0.201812190825/tools/compiler/bin/../lib/gcc/arm-none-eabi/7.3.1/../../../../arm-none-eabi/lib/thumb/v7e-m/fpv4-sp/hard/libc_nano.a(lib_a-nano-vfprintf_i.o)
 .debug_frame   0x00000000000030ac       0x2c /home/david/Ac6/SystemWorkbench/plugins/fr.ac6.mcu.externaltools.arm-none.linux64_1.17.0.201812190825/tools/compiler/bin/../lib/gcc/arm-none-eabi/7.3.1/../../../../arm-none-eabi/lib/thumb/v7e-m/fpv4-sp/hard/libc_nano.a(lib_a-sbrkr.o)
 .debug_frame   0x00000000000030d8       0x88 /home/david/Ac6/SystemWorkbench/plugins/fr.ac6.mcu.externaltools.arm-none.linux64_1.17.0.201812190825/tools/compiler/bin/../lib/gcc/arm-none-eabi/7.3.1/../../../../arm-none-eabi/lib/thumb/v7e-m/fpv4-sp/hard/libc_nano.a(lib_a-stdio.o)
 .debug_frame   0x0000000000003160       0x40 /home/david/Ac6/SystemWorkbench/plugins/fr.ac6.mcu.externaltools.arm-none.linux64_1.17.0.201812190825/tools/compiler/bin/../lib/gcc/arm-none-eabi/7.3.1/../../../../arm-none-eabi/lib/thumb/v7e-m/fpv4-sp/hard/libc_nano.a(lib_a-wbuf.o)